Component: ARM Compiler 5.06 update 1 (build 61) Tool: armlink [4d35a8]

==============================================================================

Section Cross References

    main.o(i.display_task) refers to main.o(i.show_address) for show_address
    main.o(i.display_task) refers to os_task.o(i.OS_TaskSuspend) for OS_TaskSuspend
    main.o(i.display_task) refers to os_time.o(i.OSTimeDlyHMSM) for OSTimeDlyHMSM
    main.o(i.display_task) refers to lwip_comm.o(.bss) for lwipdev
    main.o(i.display_task) refers to main.o(.bss) for .bss
    main.o(i.led_task) refers to stm32h7xx_hal_gpio.o(i.HAL_GPIO_TogglePin) for HAL_GPIO_TogglePin
    main.o(i.led_task) refers to __2printf.o(.text) for __2printf
    main.o(i.led_task) refers to sys_arch.o(i.sys_mbox_post) for sys_mbox_post
    main.o(i.led_task) refers to os_time.o(i.OSTimeDlyHMSM) for OSTimeDlyHMSM
    main.o(i.led_task) refers to main.o(.bss) for .bss
    main.o(i.main) refers to mpu.o(i.MPU_Memory_Protection) for MPU_Memory_Protection
    main.o(i.main) refers to sys.o(i.Cache_Enable) for Cache_Enable
    main.o(i.main) refers to stm32h7xx_hal.o(i.HAL_Init) for HAL_Init
    main.o(i.main) refers to sys.o(i.Stm32_Clock_Init) for Stm32_Clock_Init
    main.o(i.main) refers to delay.o(i.delay_init) for delay_init
    main.o(i.main) refers to usart.o(i.uart_init) for uart_init
    main.o(i.main) refers to led.o(i.LED_Init) for LED_Init
    main.o(i.main) refers to key.o(i.KEY_Init) for KEY_Init
    main.o(i.main) refers to sdram.o(i.SDRAM_Init) for SDRAM_Init
    main.o(i.main) refers to pcf8574.o(i.PCF8574_Init) for PCF8574_Init
    main.o(i.main) refers to malloc.o(i.my_mem_init) for my_mem_init
    main.o(i.main) refers to os_core.o(i.OSInit) for OSInit
    main.o(i.main) refers to __2printf.o(.text) for __2printf
    main.o(i.main) refers to delay.o(i.delay_ms) for delay_ms
    main.o(i.main) refers to lwip_comm.o(i.lwip_comm_init) for lwip_comm_init
    main.o(i.main) refers to mqtt_client_demo.o(i.mqtt_thread_init) for mqtt_thread_init
    main.o(i.main) refers to cpu_a.o(.text) for CPU_SR_Save
    main.o(i.main) refers to cpu_core.o(i.CPU_IntDisMeasStart) for CPU_IntDisMeasStart
    main.o(i.main) refers to os_task.o(i.OSTaskCreate) for OSTaskCreate
    main.o(i.main) refers to cpu_core.o(i.CPU_IntDisMeasStop) for CPU_IntDisMeasStop
    main.o(i.main) refers to os_core.o(i.OSStart) for OSStart
    main.o(i.main) refers to usmart_config.o(.data) for usmart_dev
    main.o(i.main) refers to main.o(.bss) for .bss
    main.o(i.main) refers to main.o(i.start_task) for start_task
    main.o(i.show_address) refers to _printf_percent.o(.ARM.Collect$$_printf_percent$$00000000) for _printf_percent
    main.o(i.show_address) refers to _printf_d.o(.ARM.Collect$$_printf_percent$$00000009) for _printf_d
    main.o(i.show_address) refers to _printf_dec.o(.text) for _printf_int_dec
    main.o(i.show_address) refers to __2printf.o(.text) for __2printf
    main.o(i.show_address) refers to lwip_comm.o(.bss) for lwipdev
    main.o(i.start_task) refers to cpu_core.o(i.CPU_Init) for CPU_Init
    main.o(i.start_task) refers to os_stat.o(i.OSStatTaskCPUUsageInit) for OSStatTaskCPUUsageInit
    main.o(i.start_task) refers to cpu_core.o(i.CPU_IntDisMeasMaxCurReset) for CPU_IntDisMeasMaxCurReset
    main.o(i.start_task) refers to os_core.o(i.OSSchedRoundRobinCfg) for OSSchedRoundRobinCfg
    main.o(i.start_task) refers to lwip_comm.o(i.lwip_comm_dhcp_creat) for lwip_comm_dhcp_creat
    main.o(i.start_task) refers to cpu_a.o(.text) for CPU_SR_Save
    main.o(i.start_task) refers to cpu_core.o(i.CPU_IntDisMeasStart) for CPU_IntDisMeasStart
    main.o(i.start_task) refers to os_task.o(i.OSTaskCreate) for OSTaskCreate
    main.o(i.start_task) refers to os_task.o(i.OS_TaskSuspend) for OS_TaskSuspend
    main.o(i.start_task) refers to cpu_core.o(i.CPU_IntDisMeasStop) for CPU_IntDisMeasStop
    main.o(i.start_task) refers to main.o(.bss) for .bss
    main.o(i.start_task) refers to main.o(i.led_task) for led_task
    main.o(i.start_task) refers to main.o(i.display_task) for display_task
    system_stm32h7xx.o(i.SystemCoreClockUpdate) refers to system_stm32h7xx.o(.data) for .data
    system_stm32h7xx.o(i.SystemCoreClockUpdate) refers to system_stm32h7xx.o(.constdata) for .constdata
    cjson_process.o(i.Proscess) refers to _printf_percent.o(.ARM.Collect$$_printf_percent$$00000000) for _printf_percent
    cjson_process.o(i.Proscess) refers to _printf_f.o(.ARM.Collect$$_printf_percent$$00000003) for _printf_f
    cjson_process.o(i.Proscess) refers to _printf_s.o(.ARM.Collect$$_printf_percent$$00000014) for _printf_s
    cjson_process.o(i.Proscess) refers to printf1.o(x$fpl$printf1) for _printf_fp_dec
    cjson_process.o(i.Proscess) refers to _printf_str.o(.text) for _printf_str
    cjson_process.o(i.Proscess) refers to __2printf.o(.text) for __2printf
    cjson_process.o(i.Proscess) refers to cjson.o(i.cJSON_Parse) for cJSON_Parse
[...]
    0x08003d02   0x00000002   PAD
    0x08003d04   0x00000204   Code   RO         4973    i.HAL_ETH_Init      stm32h7xx_hal_eth.o
    0x08003f08   0x000000c8   Code   RO         4974    i.HAL_ETH_IsRxDataAvailable  stm32h7xx_hal_eth.o
    0x08003fd0   0x000000e4   Code   RO         5961    i.HAL_ETH_MspInit   lan8720.o
    0x080040b4   0x00000062   Code   RO         4979    i.HAL_ETH_ReadPHYRegister  stm32h7xx_hal_eth.o
    0x08004116   0x00000018   Code   RO         4983    i.HAL_ETH_SetMACConfig  stm32h7xx_hal_eth.o
    0x0800412e   0x00000002   PAD
    0x08004130   0x00000078   Code   RO         4985    i.HAL_ETH_SetMDIOClockRange  stm32h7xx_hal_eth.o
    0x080041a8   0x000000b6   Code   RO         4990    i.HAL_ETH_Start_IT  stm32h7xx_hal_eth.o
    0x0800425e   0x000000c8   Code   RO         4993    i.HAL_ETH_Transmit  stm32h7xx_hal_eth.o
    0x08004326   0x00000002   PAD
    0x08004328   0x00000064   Code   RO         4997    i.HAL_ETH_WritePHYRegister  stm32h7xx_hal_eth.o
    0x0800438c   0x00000010   Code   RO          893    i.HAL_EnableCompensationCell  stm32h7xx_hal.o
    0x0800439c   0x000001c8   Code   RO         1483    i.HAL_GPIO_Init     stm32h7xx_hal_gpio.o
    0x08004564   0x0000000a   Code   RO         1485    i.HAL_GPIO_ReadPin  stm32h7xx_hal_gpio.o
    0x0800456e   0x00000008   Code   RO         1486    i.HAL_GPIO_TogglePin  stm32h7xx_hal_gpio.o
    0x08004576   0x0000000a   Code   RO         1487    i.HAL_GPIO_WritePin  stm32h7xx_hal_gpio.o
    0x08004580   0x0000000c   Code   RO          900    i.HAL_GetTick       stm32h7xx_hal.o
    0x0800458c   0x00000010   Code   RO          901    i.HAL_IncTick       stm32h7xx_hal.o
    0x0800459c   0x00000016   Code   RO          902    i.HAL_Init          stm32h7xx_hal.o
    0x080045b2   0x00000002   PAD
    0x080045b4   0x00000028   Code   RO          903    i.HAL_InitTick      stm32h7xx_hal.o
    0x080045dc   0x00000054   Code   RO         1175    i.HAL_MPU_ConfigRegion  stm32h7xx_hal_cortex.o
    0x08004630   0x00000002   Code   RO          610    i.HAL_MspInit       stm32h7xx_hal_msp.o
    0x08004632   0x0000001a   Code   RO         1178    i.HAL_NVIC_EnableIRQ  stm32h7xx_hal_cortex.o
    0x0800464c   0x00000040   Code   RO         1184    i.HAL_NVIC_SetPriority  stm32h7xx_hal_cortex.o
    0x0800468c   0x00000024   Code   RO         1185    i.HAL_NVIC_SetPriorityGrouping  stm32h7xx_hal_cortex.o
    0x080046b0   0x00000034   Code   RO         2026    i.HAL_RCCEx_GetD1SysClockFreq  stm32h7xx_hal_rcc_ex.o
    0x080046e4   0x0000002c   Code   RO         2027    i.HAL_RCCEx_GetD3PCLK1Freq  stm32h7xx_hal_rcc_ex.o
    0x08004710   0x00000100   Code   RO         2029    i.HAL_RCCEx_GetPLL2ClockFreq  stm32h7xx_hal_rcc_ex.o
    0x08004810   0x00000100   Code   RO         2030    i.HAL_RCCEx_GetPLL3ClockFreq  stm32h7xx_hal_rcc_ex.o
    0x08004910   0x000001d8   Code   RO         1919    i.HAL_RCC_ClockConfig  stm32h7xx_hal_rcc.o
    0x08004ae8   0x00000034   Code   RO         1923    i.HAL_RCC_GetHCLKFreq  stm32h7xx_hal_rcc.o
    0x08004b1c   0x0000002c   Code   RO         1925    i.HAL_RCC_GetPCLK1Freq  stm32h7xx_hal_rcc.o
    0x08004b48   0x0000002c   Code   RO         1926    i.HAL_RCC_GetPCLK2Freq  stm32h7xx_hal_rcc.o
    0x08004b74   0x000000fc   Code   RO         1927    i.HAL_RCC_GetSysClockFreq  stm32h7xx_hal_rcc.o
    0x08004c70   0x000004a4   Code   RO         1930    i.HAL_RCC_OscConfig  stm32h7xx_hal_rcc.o
    0x08005114   0x00000050   Code   RO         4165    i.HAL_SDRAM_Init    stm32h7xx_hal_sdram.o
    0x08005164   0x00000104   Code   RO         5675    i.HAL_SDRAM_MspInit  sdram.o
    0x08005268   0x00000022   Code   RO         4168    i.HAL_SDRAM_ProgramRefreshRate  stm32h7xx_hal_sdram.o
    0x0800528a   0x0000002e   Code   RO         4174    i.HAL_SDRAM_SendCommand  stm32h7xx_hal_sdram.o
    0x080052b8   0x00000010   Code   RO          907    i.HAL_SYSCFG_AnalogSwitchConfig  stm32h7xx_hal.o
    0x080052c8   0x00000014   Code   RO          914    i.HAL_SYSCFG_ETHInterfaceSelect  stm32h7xx_hal.o
    0x080052dc   0x00000018   Code   RO         1187    i.HAL_SYSTICK_CLKSourceConfig  stm32h7xx_hal_cortex.o
    0x080052f4   0x00000028   Code   RO         1189    i.HAL_SYSTICK_Config  stm32h7xx_hal_cortex.o
    0x0800531c   0x00000036   Code   RO         2848    i.HAL_TIM_Base_Init  stm32h7xx_hal_tim.o
    0x08005352   0x00000002   Code   RO         2850    i.HAL_TIM_Base_MspInit  stm32h7xx_hal_tim.o
    0x08005354   0x00000018   Code   RO         2853    i.HAL_TIM_Base_Start_IT  stm32h7xx_hal_tim.o
    0x0800536c   0x00000002   Code   RO         2536    i.HAL_UARTEx_WakeupCallback  stm32h7xx_hal_uart_ex.o
    0x0800536e   0x00000002   Code   RO         2202    i.HAL_UART_ErrorCallback  stm32h7xx_hal_uart.o
    0x08005370   0x0000000c   Code   RO         2204    i.HAL_UART_GetState  stm32h7xx_hal_uart.o
    0x0800537c   0x00000180   Code   RO         2205    i.HAL_UART_IRQHandler  stm32h7xx_hal_uart.o
    0x080054fc   0x0000006a   Code   RO         2206    i.HAL_UART_Init     stm32h7xx_hal_uart.o
    0x08005566   0x00000002   PAD
    0x08005568   0x0000007c   Code   RO          811    i.HAL_UART_MspInit  usart.o
    0x080055e4   0x000000a6   Code   RO         2211    i.HAL_UART_Receive_IT  stm32h7xx_hal_uart.o
    0x0800568a   0x00000002   PAD
    0x0800568c   0x00000058   Code   RO          812    i.HAL_UART_RxCpltCallback  usart.o
    0x080056e4   0x00000002   Code   RO         2217    i.HAL_UART_TxCpltCallback  stm32h7xx_hal_uart.o
    0x080056e6   0x00000002   Code   RO          509    i.HardFault_Handler  stm32h7xx_it.o
    0x080056e8   0x00000050   Code   RO         5847    i.IIC_Ack           myiic.o
    0x08005738   0x00000050   Code   RO         5848    i.IIC_Init          myiic.o
    0x08005788   0x00000050   Code   RO         5849    i.IIC_NAck          myiic.o
    0x080057d8   0x00000068   Code   RO         5850    i.IIC_Read_Byte     myiic.o
    0x08005840   0x0000006c   Code   RO         5851    i.IIC_Send_Byte     myiic.o
    0x080058ac   0x00000050   Code   RO         5852    i.IIC_Start         myiic.o
    0x080058fc   0x00000050   Code   RO         5853    i.IIC_Stop          myiic.o
    0x0800594c   0x00000064   Code   RO         5854    i.IIC_Wait_Ack      myiic.o
    0x080059b0   0x00000080   Code   RO         5414    i.KEY_Init          key.o
    0x08005a30   0x00000072   Code   RO         5970    i.LAN8720_GetLinkState  lan8720.o
    0x08005aa2   0x00000002   PAD
    0x08005aa4   0x000001a8   Code   RO         5971    i.LAN8720_Init      lan8720.o
    0x08005c4c   0x0000001c   Code   RO         5972    i.LAN8720_ReadPHY   lan8720.o
    0x08005c68   0x0000001e   Code   RO         5974    i.LAN8720_StartAutoNego  lan8720.o
    0x08005c86   0x00000002   PAD
    0x08005c88   0x0000001c   Code   RO         5975    i.LAN8720_WritePHY  lan8720.o
    0x08005ca4   0x00000050   Code   RO         5390    i.LED_Init          led.o
    0x08005cf4   0x00000036   Code   RO         6091    i.MPU_Memory_Protection  mpu.o
    0x08005d2a   0x00000002   PAD
    0x08005d2c   0x00000064   Code   RO         6092    i.MPU_Set_Protection  mpu.o
    0x08005d90   0x00000048   Code   RO        11781    i.MQTTDeserialize_ack  mqttdeserializepublish.o
    0x08005dd8   0x0000005c   Code   RO        11715    i.MQTTDeserialize_connack  mqttconnectclient.o
    0x08005e34   0x0000008a   Code   RO        11782    i.MQTTDeserialize_publish  mqttdeserializepublish.o
    0x08005ebe   0x0000007c   Code   RO        12007    i.MQTTDeserialize_suback  mqttsubscribeclient.o
    0x08005f3a   0x000000e2   Code   RO         8662    i.MQTTMsgPublish    mqtt_client_demo.o
    0x0800601c   0x00000036   Code   RO        11857    i.MQTTPacket_decode  mqttpacket.o
    0x08006052   0x00000002   PAD
    0x08006054   0x00000014   Code   RO        11858    i.MQTTPacket_decodeBuf  mqttpacket.o
    0x08006068   0x00000028   Code   RO        11859    i.MQTTPacket_encode  mqttpacket.o
    0x08006090   0x00000028   Code   RO        11861    i.MQTTPacket_len    mqttpacket.o
    0x080060b8   0x0000004e   Code   RO        11862    i.MQTTPacket_read   mqttpacket.o
    0x08006106   0x00000048   Code   RO        11965    i.MQTTSerialize_ack  mqttserializepublish.o
    0x0800614e   0x00000002   PAD
    0x08006150   0x00000118   Code   RO        11716    i.MQTTSerialize_connect  mqttconnectclient.o
    0x08006268   0x00000076   Code   RO        11717    i.MQTTSerialize_connectLength  mqttconnectclient.o
    0x080062de   0x00000006   Code   RO        11719    i.MQTTSerialize_pingreq  mqttconnectclient.o
    0x080062e4   0x0000000e   Code   RO        11966    i.MQTTSerialize_puback  mqttserializepublish.o
    0x080062f2   0x0000000e   Code   RO        11967    i.MQTTSerialize_pubcomp  mqttserializepublish.o
    0x08006300   0x00000086   Code   RO        11968    i.MQTTSerialize_publish  mqttserializepublish.o
    0x08006386   0x0000001e   Code   RO        11969    i.MQTTSerialize_publishLength  mqttserializepublish.o
    0x080063a4   0x0000000e   Code   RO        11970    i.MQTTSerialize_pubrel  mqttserializepublish.o
    0x080063b2   0x0000008c   Code   RO        12008    i.MQTTSerialize_subscribe  mqttsubscribeclient.o
    0x0800643e   0x0000002c   Code   RO        12009    i.MQTTSerialize_subscribeLength  mqttsubscribeclient.o
    0x0800646a   0x00000032   Code   RO        11720    i.MQTTSerialize_zero  mqttconnectclient.o
    0x0800649c   0x000000f4   Code   RO         8663    i.MQTTSubscribe     mqtt_client_demo.o
    0x08006590   0x00000104   Code   RO         8664    i.MQTT_Connect      mqtt_client_demo.o
    0x08006694   0x00000080   Code   RO         8665    i.MQTT_PingReq      mqtt_client_demo.o
    0x08006714   0x0000000e   Code   RO        11864    i.MQTTstrlen        mqttpacket.o
    0x08006722   0x00000002   PAD
    0x08006724   0x00000078   Code   RO         6093    i.MemManage_Handler  mpu.o
    0x0800679c   0x00000008   Code   RO         6830    i.Mem_Clr           lib_mem.o
    0x080067a4   0x0000003e   Code   RO         6856    i.Mem_Set           lib_mem.o
    0x080067e2   0x00000002   PAD
    0x080067e4   0x00000068   Code   RO         5976    i.NETMPU_Config     lan8720.o
    0x0800684c   0x00000002   Code   RO          510    i.NMI_Handler       stm32h7xx_it.o
    0x0800684e   0x00000002   Code   RO         7160    i.OSCfg_Init        os_cfg_app.o
    0x08006850   0x00000010   Code   RO         8344    i.OSIdleTaskHook    os_cpu_c.o
    0x08006860   0x00000160   Code   RO         7224    i.OSInit            os_core.o
    0x080069c0   0x00000024   Code   RO         8345    i.OSInitHook        os_cpu_c.o
    0x080069e4   0x00000020   Code   RO         7225    i.OSIntEnter        os_core.o
    0x08006a04   0x00000088   Code   RO         7226    i.OSIntExit         os_core.o
    0x08006a8c   0x00000054   Code   RO         7606    i.OSMutexCreate     os_mutex.o
    0x08006ae0   0x0000015c   Code   RO         7608    i.OSMutexPend       os_mutex.o
    0x08006c3c   0x00000134   Code   RO         7610    i.OSMutexPost       os_mutex.o
    0x08006d70   0x00000058   Code   RO         7754    i.OSQCreate         os_q.o
    0x08006dc8   0x000000dc   Code   RO         7755    i.OSQDel            os_q.o
    0x08006ea4   0x00000044   Code   RO         7756    i.OSQFlush          os_q.o
    0x08006ee8   0x0000013c   Code   RO         7757    i.OSQPend           os_q.o
    0x08007024   0x0000003c   Code   RO         7759    i.OSQPost           os_q.o
    0x08007060   0x00000080   Code   RO         7227    i.OSSched           os_core.o
    0x080070e0   0x00000048   Code   RO         7228    i.OSSchedLock       os_core.o
    0x08007128   0x00000058   Code   RO         7229    i.OSSchedRoundRobinCfg  os_core.o
    0x08007180   0x00000060   Code   RO         7231    i.OSSchedUnlock     os_core.o
    0x080071e0   0x00000054   Code   RO         7826    i.OSSemCreate       os_sem.o
    0x08007234   0x000000dc   Code   RO         7827    i.OSSemDel          os_sem.o
    0x08007310   0x00000124   Code   RO         7828    i.OSSemPend         os_sem.o
    0x08007434   0x00000034   Code   RO         7830    i.OSSemPost         os_sem.o
    0x08007468   0x00000058   Code   RO         7232    i.OSStart           os_core.o
    0x080074c0   0x000000dc   Code   RO         7898    i.OSStatReset       os_stat.o
    0x0800759c   0x000000b4   Code   RO         7899    i.OSStatTaskCPUUsageInit  os_stat.o
    0x08007650   0x00000010   Code   RO         8346    i.OSStatTaskHook    os_cpu_c.o
    0x08007660   0x0000012c   Code   RO         7929    i.OSTaskCreate      os_task.o
    0x0800778c   0x00000010   Code   RO         8347    i.OSTaskCreateHook  os_cpu_c.o
    0x0800779c   0x00000138   Code   RO         7930    i.OSTaskDel         os_task.o
    0x080078d4   0x00000010   Code   RO         8348    i.OSTaskDelHook     os_cpu_c.o
    0x080078e4   0x00000026   Code   RO         7938    i.OSTaskResume      os_task.o
    0x0800790a   0x00000002   PAD
    0x0800790c   0x00000010   Code   RO         8349    i.OSTaskReturnHook  os_cpu_c.o
    0x0800791c   0x0000011c   Code   RO         7939    i.OSTaskSemPend     os_task.o
    0x08007a38   0x0000001c   Code   RO         7941    i.OSTaskSemPost     os_task.o
    0x08007a54   0x0000008c   Code   RO         7943    i.OSTaskStkChk      os_task.o
    0x08007ae0   0x000001b4   Code   RO         8350    i.OSTaskStkInit     os_cpu_c.o
    0x08007c94   0x00000018   Code   RO         7944    i.OSTaskSuspend     os_task.o
    0x08007cac   0x00000074   Code   RO         8351    i.OSTaskSwHook      os_cpu_c.o
    0x08007d20   0x00000084   Code   RO         8148    i.OSTimeDly         os_time.o
    0x08007da4   0x000000c4   Code   RO         8149    i.OSTimeDlyHMSM     os_time.o
    0x08007e68   0x00000028   Code   RO         8150    i.OSTimeGet         os_time.o
    0x08007e90   0x00000058   Code   RO         8152    i.OSTimeTick        os_time.o
    0x08007ee8   0x00000010   Code   RO         8352    i.OSTimeTickHook    os_cpu_c.o
    0x08007ef8   0x00000002   Code   RO         7439    i.OS_Dbg_Init       os_dbg.o
    0x08007efa   0x00000002   PAD
    0x08007efc   0x00000018   Code   RO         7464    i.OS_FlagInit       os_flag.o
    0x08007f14   0x00000034   Code   RO         7234    i.OS_IdleTask       os_core.o
    0x08007f48   0x00000068   Code   RO         7235    i.OS_IdleTaskInit   os_core.o
    0x08007fb0   0x00000018   Code   RO         7538    i.OS_MemInit        os_mem.o
    0x08007fc8   0x00000054   Code   RO         7570    i.OS_MsgPoolInit    os_msg.o
    0x0800801c   0x00000034   Code   RO         7571    i.OS_MsgQFreeAll    os_msg.o
    0x08008050   0x00000058   Code   RO         7572    i.OS_MsgQGet        os_msg.o
    0x080080a8   0x0000000e   Code   RO         7573    i.OS_MsgQInit       os_msg.o
    0x080080b6   0x00000002   PAD
    0x080080b8   0x00000088   Code   RO         7574    i.OS_MsgQPut        os_msg.o
    0x08008140   0x00000024   Code   RO         7612    i.OS_MutexDbgListAdd  os_mutex.o
    0x08008164   0x00000052   Code   RO         7615    i.OS_MutexGrpPostAll  os_mutex.o
    0x080081b6   0x00000022   Code   RO         7616    i.OS_MutexGrpPrioFindHighest  os_mutex.o
    0x080081d8   0x00000014   Code   RO         7617    i.OS_MutexGrpRemove  os_mutex.o
    0x080081ec   0x00000018   Code   RO         7618    i.OS_MutexInit      os_mutex.o
    0x08008204   0x00000050   Code   RO         7236    i.OS_Pend           os_core.o
    0x08008254   0x00000028   Code   RO         7239    i.OS_PendDataInit   os_core.o
    0x0800827c   0x00000048   Code   RO         7240    i.OS_PendDbgNameAdd  os_core.o
    0x080082c4   0x0000001c   Code   RO         7241    i.OS_PendDbgNameRemove  os_core.o
    0x080082e0   0x00000030   Code   RO         7242    i.OS_PendListChangePrio  os_core.o
    0x08008310   0x0000000a   Code   RO         7243    i.OS_PendListInit   os_core.o
    0x0800831a   0x0000005a   Code   RO         7245    i.OS_PendListInsertPrio  os_core.o
    0x08008374   0x0000002a   Code   RO         7246    i.OS_PendListRemove  os_core.o
    0x0800839e   0x00000036   Code   RO         7247    i.OS_PendListRemove1  os_core.o
    0x080083d4   0x00000096   Code   RO         7248    i.OS_PendObjDel     os_core.o
    0x0800846a   0x00000022   Code   RO         7249    i.OS_PendObjDel1    os_core.o
    0x0800848c   0x000000b2   Code   RO         7250    i.OS_Post           os_core.o
    0x0800853e   0x00000028   Code   RO         7251    i.OS_Post1          os_core.o
    0x08008566   0x00000002   PAD
    0x08008568   0x00000024   Code   RO         7717    i.OS_PrioGetHighest  os_prio.o
    0x0800858c   0x00000014   Code   RO         7718    i.OS_PrioInit       os_prio.o
    0x080085a0   0x00000020   Code   RO         7719    i.OS_PrioInsert     os_prio.o
    0x080085c0   0x00000020   Code   RO         7720    i.OS_PrioRemove     os_prio.o
    0x080085e0   0x00000030   Code   RO         7760    i.OS_QClr           os_q.o
    0x08008610   0x00000024   Code   RO         7761    i.OS_QDbgListAdd    os_q.o
    0x08008634   0x00000028   Code   RO         7762    i.OS_QDbgListRemove  os_q.o
    0x0800865c   0x00000018   Code   RO         7763    i.OS_QInit          os_q.o
    0x08008674   0x0000008a   Code   RO         7764    i.OS_QPost          os_q.o
    0x080086fe   0x00000002   PAD
    0x08008700   0x00000024   Code   RO         7252    i.OS_RdyListInit    os_core.o
    0x08008724   0x00000030   Code   RO         7253    i.OS_RdyListInsert  os_core.o
    0x08008754   0x00000038   Code   RO         7254    i.OS_RdyListInsertHead  os_core.o
    0x0800878c   0x00000034   Code   RO         7255    i.OS_RdyListInsertTail  os_core.o
    0x080087c0   0x00000034   Code   RO         7256    i.OS_RdyListMoveHeadToTail  os_core.o
    0x080087f4   0x00000054   Code   RO         7257    i.OS_RdyListRemove  os_core.o
    0x08008848   0x00000068   Code   RO         7258    i.OS_SchedRoundRobin  os_core.o
    0x080088b0   0x00000020   Code   RO         7832    i.OS_SemClr         os_sem.o
    0x080088d0   0x00000024   Code   RO         7833    i.OS_SemDbgListAdd  os_sem.o
    0x080088f4   0x00000028   Code   RO         7834    i.OS_SemDbgListRemove  os_sem.o
    0x0800891c   0x00000018   Code   RO         7835    i.OS_SemInit        os_sem.o
    0x08008934   0x00000094   Code   RO         7836    i.OS_SemPost        os_sem.o
    0x080089c8   0x00000248   Code   RO         7900    i.OS_StatTask       os_stat.o
    0x08008c10   0x000000bc   Code   RO         7901    i.OS_StatTaskInit   os_stat.o
    0x08008ccc   0x00000028   Code   RO         7259    i.OS_TaskBlock      os_core.o
    0x08008cf4   0x000000b4   Code   RO         7946    i.OS_TaskChangePrio  os_task.o
    0x08008da8   0x00000024   Code   RO         7947    i.OS_TaskDbgListAdd  os_task.o
    0x08008dcc   0x00000038   Code   RO         7948    i.OS_TaskDbgListRemove  os_task.o
    0x08008e04   0x00000020   Code   RO         7949    i.OS_TaskInit       os_task.o
    0x08008e24   0x000000c4   Code   RO         7950    i.OS_TaskInitTCB    os_task.o
    0x08008ee8   0x000000b8   Code   RO         7952    i.OS_TaskResume     os_task.o
    0x08008fa0   0x00000018   Code   RO         7953    i.OS_TaskReturn     os_task.o
    0x08008fb8   0x000000ac   Code   RO         7954    i.OS_TaskSemPost    os_task.o
    0x08009064   0x000000a8   Code   RO         7955    i.OS_TaskSuspend    os_task.o
    0x0800910c   0x0000005e   Code   RO         8102    i.OS_TickListInsert  os_tick.o
    0x0800916a   0x00000002   PAD
    0x0800916c   0x0000007c   Code   RO         8103    i.OS_TickListInsertDly  os_tick.o
    0x080091e8   0x00000040   Code   RO         8104    i.OS_TickListRemove  os_tick.o
    0x08009228   0x00000084   Code   RO         8105    i.OS_TickListUpdateDly  os_tick.o
    0x080092ac   0x000000ec   Code   RO         8106    i.OS_TickListUpdateTimeout  os_tick.o
    0x08009398   0x00000054   Code   RO         8107    i.OS_TickTask       os_tick.o
    0x080093ec   0x000000b4   Code   RO         8108    i.OS_TickTaskInit   os_tick.o
    0x080094a0   0x00000114   Code   RO         8193    i.OS_TmrInit        os_tmr.o
    0x080095b4   0x00000018   Code   RO         8194    i.OS_TmrLock        os_tmr.o
    0x080095cc   0x00000098   Code   RO         8195    i.OS_TmrTask        os_tmr.o
    0x08009664   0x0000003c   Code   RO         8196    i.OS_TmrUnlink      os_tmr.o
    0x080096a0   0x00000014   Code   RO         8197    i.OS_TmrUnlock      os_tmr.o
    0x080096b4   0x0000005c   Code   RO         5913    i.PCF8574_Init      pcf8574.o
    0x08009710   0x00000020   Code   RO         5915    i.PCF8574_ReadOneByte  pcf8574.o
    0x08009730   0x00000020   Code   RO         5916    i.PCF8574_WriteBit  pcf8574.o
    0x08009750   0x0000002a   Code   RO         5917    i.PCF8574_WriteOneByte  pcf8574.o
    0x0800977a   0x00000002   PAD
    0x0800977c   0x0000009c   Code   RO          639    i.Proscess          cjson_process.o
    0x08009818   0x00000060   Code   RO         8666    i.ReadPacketTimeout  mqtt_client_demo.o
    0x08009878   0x00000044   Code   RO         8984    i.SCB_CleanInvalidateDCache  ethernetif.o
    0x080098bc   0x0000005c   Code   RO         5676    i.SDRAM_Init        sdram.o
    0x08009918   0x00000050   Code   RO         5677    i.SDRAM_Initialization_Sequence  sdram.o
    0x08009968   0x00000034   Code   RO         5678    i.SDRAM_Send_Cmd    sdram.o
    0x0800999c   0x00000002   Code   RO          511    i.SVC_Handler       stm32h7xx_it.o
    0x0800999e   0x00000002   PAD
    0x080099a0   0x000000a8   Code   RO          765    i.Stm32_Clock_Init  sys.o
    0x08009a48   0x00000024   Code   RO          696    i.SysTick_Handler   delay.o
    0x08009a6c   0x00000084   Code   RO          572    i.SystemInit        system_stm32h7xx.o
    0x08009af0   0x00000034   Code   RO         6232    i.TIM4_IRQHandler   usmart.o
    0x08009b24   0x000000c0   Code   RO         2932    i.TIM_Base_SetConfig  stm32h7xx_hal_tim.o
    0x08009be4   0x00000054   Code   RO         6233    i.Timer4_Init       usmart.o
    0x08009c38   0x000000c8   Code   RO         2219    i.UART_AdvFeatureConfig  stm32h7xx_hal_uart.o
    0x08009d00   0x0000005c   Code   RO         2220    i.UART_CheckIdleState  stm32h7xx_hal_uart.o
    0x08009d5c   0x00000014   Code   RO         2221    i.UART_DMAAbortOnError  stm32h7xx_hal_uart.o
    0x08009d70   0x0000001c   Code   RO         2231    i.UART_EndRxTransfer  stm32h7xx_hal_uart.o
    0x08009d8c   0x00000076   Code   RO         2233    i.UART_Receive_IT   stm32h7xx_hal_uart.o
    0x08009e02   0x00000002   PAD
    0x08009e04   0x000004a8   Code   RO         2234    i.UART_SetConfig    stm32h7xx_hal_uart.o
    0x0800a2ac   0x00000074   Code   RO         2235    i.UART_Transmit_IT  stm32h7xx_hal_uart.o
    0x0800a320   0x00000062   Code   RO         2236    i.UART_WaitOnFlagUntilTimeout  stm32h7xx_hal_uart.o
    0x0800a382   0x00000002   PAD
    0x0800a384   0x00000050   Code   RO          813    i.USART2_IRQHandler  usart.o
    0x0800a3d4   0x00000002   Code   RO          512    i.UsageFault_Handler  stm32h7xx_it.o
    0x0800a3d6   0x00000002   PAD
    0x0800a3d8   0x00000110   Code   RO         8667    i.UserMsgCtl        mqtt_client_demo.o
    0x0800a4e8   0x0000004c   Code   RO         8668    i.WaitForPacket     mqtt_client_demo.o
    0x0800a534   0x00000030   Code   RO        13156    i.__ARM_fpclassify  m_wv.l(fpclassify.o)
    0x0800a564   0x00000020   Code   RO         1191    i.__NVIC_SetPriority  stm32h7xx_hal_cortex.o
    0x0800a584   0x00000004   PAD
    0x0800a588   0x00000028   Code   RO        12936    i.__hardfp_strtod   m_wv.l(strtod.o)
    0x0800a5b0   0x00000018   Code   RO        13272    i.__mathlib_dbl_overflow  m_wv.l(dunder.o)
    0x0800a5c8   0x00000018   Code   RO        13274    i.__mathlib_dbl_underflow  m_wv.l(dunder.o)
    0x0800a5e0   0x000000a4   Code   RO        13159    i.__mathlib_narrow  m_wv.l(narrow.o)
    0x0800a684   0x00000004   PAD
    0x0800a688   0x000000b8   Code   RO        13241    i.__support_ldexp   m_wv.l(ldexp.o)
    0x0800a740   0x0000000e   Code   RO        12887    i._is_digit         c_w.l(__printf_wp.o)
    0x0800a74e   0x00000002   Code   RO          814    i._sys_exit         usart.o
    0x0800a750   0x0000002a   Code   RO        12135    i.add_item_to_array  cjson.o
    0x0800a77a   0x0000005a   Code   RO        12136    i.add_item_to_object  cjson.o
    0x0800a7d4   0x00000064   Code   RO        11424    i.alloc_socket      sockets.o
    0x0800a838   0x0000001c   Code   RO        10584    i.arp_timer         timers.o
    0x0800a854   0x00000020   Code   RO        11865    i.bufchar           mqttpacket.o
    0x0800a874   0x00000030   Code   RO        12137    i.buffer_skip_whitespace  cjson.o
    0x0800a8a4   0x00000030   Code   RO        12147    i.cJSON_AddNumberToObject  cjson.o
    0x0800a8d4   0x00000030   Code   RO        12150    i.cJSON_AddStringToObject  cjson.o
    0x0800a904   0x00000068   Code   RO        12161    i.cJSON_CreateNumber  cjson.o
    0x0800a96c   0x00000018   Code   RO        12162    i.cJSON_CreateObject  cjson.o
    0x0800a984   0x00000030   Code   RO        12165    i.cJSON_CreateString  cjson.o
    0x0800a9b4   0x00000064   Code   RO          640    i.cJSON_Data_Init   cjson_process.o
    0x0800aa18   0x00000048   Code   RO        12169    i.cJSON_Delete      cjson.o
    0x0800aa60   0x00000006   Code   RO        12182    i.cJSON_GetObjectItem  cjson.o
    0x0800aa66   0x0000000e   Code   RO        12189    i.cJSON_IsBool      cjson.o
    0x0800aa74   0x00000012   Code   RO        12193    i.cJSON_IsNumber    cjson.o
    0x0800aa86   0x00000012   Code   RO        12196    i.cJSON_IsString    cjson.o
    0x0800aa98   0x00000016   Code   RO        12199    i.cJSON_New_Item    cjson.o
    0x0800aaae   0x00000008   Code   RO        12200    i.cJSON_Parse       cjson.o
    0x0800aab6   0x00000002   PAD
    0x0800aab8   0x000000dc   Code   RO        12202    i.cJSON_ParseWithLengthOpts  cjson.o
    0x0800ab94   0x00000022   Code   RO        12203    i.cJSON_ParseWithOpts  cjson.o
    0x0800abb6   0x00000002   PAD
    0x0800abb8   0x0000000c   Code   RO        12204    i.cJSON_Print       cjson.o
    0x0800abc4   0x00000064   Code   RO          641    i.cJSON_Update      cjson_process.o
    0x0800ac28   0x00000028   Code   RO        12217    i.cJSON_strdup      cjson.o
    0x0800ac50   0x00000038   Code   RO        12218    i.compare_double    cjson.o
    0x0800ac88   0x0000004c   Code   RO          697    i.delay_init        delay.o
    0x0800acd4   0x00000044   Code   RO          698    i.delay_ms          delay.o
    0x0800ad18   0x0000000c   Code   RO          701    i.delay_ostimedly   delay.o
    0x0800ad24   0x00000044   Code   RO          702    i.delay_us          delay.o
    0x0800ad68   0x0000004a   Code   RO         8669    i.deliverMessage    mqtt_client_demo.o
    0x0800adb2   0x0000001e   Code   RO         9465    i.dhcp_arp_reply    dhcp.o
    0x0800add0   0x000000c4   Code   RO         9466    i.dhcp_bind         dhcp.o
    0x0800ae94   0x00000030   Code   RO         9467    i.dhcp_check        dhcp.o
    0x0800aec4   0x00000060   Code   RO         9469    i.dhcp_coarse_tmr   dhcp.o
    0x0800af24   0x00000120   Code   RO         9470    i.dhcp_create_msg   dhcp.o
    0x0800b044   0x00000078   Code   RO         9471    i.dhcp_decline      dhcp.o
    0x0800b0bc   0x00000016   Code   RO         9472    i.dhcp_delete_msg   dhcp.o
    0x0800b0d2   0x00000002   PAD
    0x0800b0d4   0x000000bc   Code   RO         9473    i.dhcp_discover     dhcp.o
    0x0800b190   0x00000034   Code   RO         9474    i.dhcp_fine_tmr     dhcp.o
    0x0800b1c4   0x00000084   Code   RO         9475    i.dhcp_handle_ack   dhcp.o
    0x0800b248   0x00000042   Code   RO         9477    i.dhcp_network_changed  dhcp.o
    0x0800b28a   0x00000020   Code   RO         9478    i.dhcp_option       dhcp.o
    0x0800b2aa   0x00000010   Code   RO         9479    i.dhcp_option_byte  dhcp.o
    0x0800b2ba   0x00000042   Code   RO         9480    i.dhcp_option_long  dhcp.o
    0x0800b2fc   0x00000022   Code   RO         9481    i.dhcp_option_short  dhcp.o
    0x0800b31e   0x0000002c   Code   RO         9482    i.dhcp_option_trailer  dhcp.o
    0x0800b34a   0x00000002   PAD
    0x0800b34c   0x00000208   Code   RO         9483    i.dhcp_parse_reply  dhcp.o
    0x0800b554   0x00000088   Code   RO         9484    i.dhcp_rebind       dhcp.o
    0x0800b5dc   0x000000a0   Code   RO         9485    i.dhcp_reboot       dhcp.o
    0x0800b67c   0x00000114   Code   RO         9486    i.dhcp_recv         dhcp.o
    0x0800b790   0x000000a4   Code   RO         9487    i.dhcp_release      dhcp.o
    0x0800b834   0x00000084   Code   RO         9488    i.dhcp_renew        dhcp.o
    0x0800b8b8   0x000000e8   Code   RO         9489    i.dhcp_select       dhcp.o
    0x0800b9a0   0x00000010   Code   RO         9490    i.dhcp_set_state    dhcp.o
    0x0800b9b0   0x000000a4   Code   RO         9492    i.dhcp_start        dhcp.o
    0x0800ba54   0x00000032   Code   RO         9493    i.dhcp_stop         dhcp.o
    0x0800ba86   0x00000088   Code   RO         9494    i.dhcp_timeout      dhcp.o
    0x0800bb0e   0x00000002   PAD
    0x0800bb10   0x0000001c   Code   RO        10585    i.dhcp_timer_coarse  timers.o
    0x0800bb2c   0x0000001c   Code   RO        10586    i.dhcp_timer_fine   timers.o
    0x0800bb48   0x00000038   Code   RO            4    i.display_task      main.o
    0x0800bb80   0x000000b8   Code   RO         9651    i.dns_check_entry   dns.o
    0x0800bc38   0x000000b4   Code   RO         9652    i.dns_enqueue       dns.o
    0x0800bcec   0x00000098   Code   RO         9653    i.dns_gethostbyname  dns.o
    0x0800bd84   0x00000060   Code   RO         9655    i.dns_init          dns.o
    0x0800bde4   0x00000022   Code   RO         9656    i.dns_parse_name    dns.o
    0x0800be06   0x00000002   PAD
    0x0800be08   0x0000016c   Code   RO         9657    i.dns_recv          dns.o
    0x0800bf74   0x000000b4   Code   RO         9658    i.dns_send          dns.o
    0x0800c028   0x00000024   Code   RO         9659    i.dns_setserver     dns.o
    0x0800c04c   0x0000001c   Code   RO        10587    i.dns_timer         timers.o
    0x0800c068   0x00000020   Code   RO         9660    i.dns_tmr           dns.o
    0x0800c088   0x00000056   Code   RO        11079    i.do_close          api_msg.o
    0x0800c0de   0x00000002   PAD
    0x0800c0e0   0x000000fc   Code   RO        11080    i.do_close_internal  api_msg.o
    0x0800c1dc   0x0000009c   Code   RO        11081    i.do_connect        api_msg.o
    0x0800c278   0x00000070   Code   RO        11082    i.do_connected      api_msg.o
    0x0800c2e8   0x0000009c   Code   RO        11083    i.do_delconn        api_msg.o
    0x0800c384   0x0000002e   Code   RO        11085    i.do_dns_found      api_msg.o
    0x0800c3b2   0x0000006c   Code   RO        11086    i.do_getaddr        api_msg.o
    0x0800c41e   0x00000002   PAD
    0x0800c420   0x00000028   Code   RO        11087    i.do_gethostbyname  api_msg.o
    0x0800c448   0x00000020   Code   RO        11089    i.do_newconn        api_msg.o
    0x0800c468   0x00000044   Code   RO        11090    i.do_recv           api_msg.o
    0x0800c4ac   0x00000080   Code   RO        11091    i.do_send           api_msg.o
    0x0800c52c   0x00000046   Code   RO        11092    i.do_write          api_msg.o
    0x0800c572   0x0000011e   Code   RO        11093    i.do_writemore      api_msg.o
    0x0800c690   0x0000008a   Code   RO        12220    i.ensure            cjson.o
    0x0800c71a   0x000000a6   Code   RO        11094    i.err_tcp           api_msg.o
    0x0800c7c0   0x000000d2   Code   RO         8872    i.etharp_arp_input  etharp.o
    0x0800c892   0x00000002   PAD
    0x0800c894   0x00000030   Code   RO         8873    i.etharp_cleanup_netif  etharp.o
    0x0800c8c4   0x000000f0   Code   RO         8875    i.etharp_find_entry  etharp.o
    0x0800c9b4   0x0000003c   Code   RO         8876    i.etharp_free_entry  etharp.o
    0x0800c9f0   0x00000100   Code   RO         8877    i.etharp_output     etharp.o
    0x0800caf0   0x00000044   Code   RO         8878    i.etharp_output_to_arp_index  etharp.o
    0x0800cb34   0x000000f0   Code   RO         8879    i.etharp_query      etharp.o
    0x0800cc24   0x000000a0   Code   RO         8880    i.etharp_raw        etharp.o
    0x0800ccc4   0x00000024   Code   RO         8881    i.etharp_request    etharp.o
    0x0800cce8   0x00000020   Code   RO         8882    i.etharp_send_ip    etharp.o
    0x0800cd08   0x00000048   Code   RO         8883    i.etharp_tmr        etharp.o
    0x0800cd50   0x0000007c   Code   RO         8884    i.etharp_update_arp_entry  etharp.o
    0x0800cdcc   0x00000090   Code   RO         8885    i.ethernet_input    etharp.o
    0x0800ce5c   0x00000028   Code   RO         8986    i.ethernetif_init   ethernetif.o
    0x0800ce84   0x00000030   Code   RO         8987    i.ethernetif_input  ethernetif.o
    0x0800ceb4   0x00000128   Code   RO        11425    i.event_callback    sockets.o
    0x0800cfdc   0x00000018   Code   RO          815    i.fputc             usart.o
    0x0800cff4   0x00000004   PAD
    0x0800cff8   0x0000008c   Code   RO        13205    i.frexp             m_wv.l(frexp.o)
    0x0800d084   0x0000007a   Code   RO        12222    i.get_object_item   cjson.o
    0x0800d0fe   0x00000002   PAD
    0x0800d100   0x0000001c   Code   RO        11426    i.get_socket        sockets.o
    0x0800d11c   0x00000008   Code   RO         9090    i.icmp_dest_unreach  icmp.o
    0x0800d124   0x000000fc   Code   RO         9091    i.icmp_input        icmp.o
    0x0800d220   0x00000064   Code   RO         9092    i.icmp_send_response  icmp.o
    0x0800d284   0x00000008   Code   RO         9093    i.icmp_time_exceeded  icmp.o
    0x0800d28c   0x0000000c   Code   RO         9177    i.inet_chksum       inet_chksum.o
    0x0800d298   0x00000048   Code   RO         9178    i.inet_chksum_pbuf  inet_chksum.o
    0x0800d2e0   0x0000002e   Code   RO         9281    i.ip4_addr_isbroadcast  ip_addr.o
    0x0800d30e   0x00000002   PAD
    0x0800d310   0x00000164   Code   RO         9353    i.ip_frag           ip_frag.o
    0x0800d474   0x00000008   Code   RO         9354    i.ip_frag_free_pbuf_custom_ref  ip_frag.o
    0x0800d47c   0x00000178   Code   RO         9224    i.ip_input          ip.o
    0x0800d5f4   0x00000034   Code   RO         9225    i.ip_output         ip.o
    0x0800d628   0x000000a8   Code   RO         9226    i.ip_output_if      ip.o
    0x0800d6d0   0x000001a4   Code   RO         9355    i.ip_reass          ip_frag.o
    0x0800d874   0x000000e8   Code   RO         9356    i.ip_reass_chain_frag_into_datagram_and_validate  ip_frag.o
    0x0800d95c   0x00000024   Code   RO         9357    i.ip_reass_dequeue_datagram  ip_frag.o
    0x0800d980   0x00000070   Code   RO         9358    i.ip_reass_free_complete_datagram  ip_frag.o
    0x0800d9f0   0x00000074   Code   RO         9359    i.ip_reass_remove_oldest_datagram  ip_frag.o
    0x0800da64   0x0000001c   Code   RO        10588    i.ip_reass_timer    timers.o
    0x0800da80   0x0000002c   Code   RO         9360    i.ip_reass_tmr      ip_frag.o
    0x0800daac   0x00000040   Code   RO         9227    i.ip_route          ip.o
    0x0800daec   0x00000014   Code   RO         9283    i.ipaddr_addr       ip_addr.o
    0x0800db00   0x000000ee   Code   RO         9284    i.ipaddr_aton       ip_addr.o
    0x0800dbee   0x00000002   PAD
    0x0800dbf0   0x0000000c   Code   RO         9285    i.ipaddr_ntoa       ip_addr.o
    0x0800dbfc   0x00000076   Code   RO         9286    i.ipaddr_ntoa_r     ip_addr.o
    0x0800dc72   0x00000016   Code   RO         9361    i.ipfrag_free_pbuf_custom  ip_frag.o
    0x0800dc88   0x00000070   Code   RO            5    i.led_task          main.o
    0x0800dcf8   0x0000010c   Code   RO         8988    i.low_level_init    ethernetif.o
    0x0800de04   0x00000064   Code   RO         8989    i.low_level_input   ethernetif.o
    0x0800de68   0x00000068   Code   RO         8990    i.low_level_output  ethernetif.o
    0x0800ded0   0x00000050   Code   RO        11429    i.lwip_close        sockets.o
    0x0800df20   0x00000050   Code   RO         8517    i.lwip_comm_default_ip_set  lwip_comm.o
    0x0800df70   0x00000064   Code   RO         8518    i.lwip_comm_dhcp_creat  lwip_comm.o
    0x0800dfd4   0x00000018   Code   RO         8519    i.lwip_comm_dhcp_delete  lwip_comm.o
    0x0800dfec   0x0000007c   Code   RO         8520    i.lwip_comm_init    lwip_comm.o
    0x0800e068   0x0000001c   Code   RO         8521    i.lwip_comm_mem_free  lwip_comm.o
    0x0800e084   0x00000034   Code   RO         8522    i.lwip_comm_mem_malloc  lwip_comm.o
    0x0800e0b8   0x0000005c   Code   RO        11430    i.lwip_connect      sockets.o
    0x0800e114   0x000002e8   Code   RO         8523    i.lwip_dhcp_task    lwip_comm.o
    0x0800e3fc   0x00000004   Code   RO         9424    i.lwip_htonl        def.o
    0x0800e400   0x00000004   Code   RO         9425    i.lwip_htons        def.o
    0x0800e404   0x0000002a   Code   RO         9727    i.lwip_init         init.o
    0x0800e42e   0x00000004   Code   RO         9426    i.lwip_ntohl        def.o
    0x0800e432   0x00000004   Code   RO         9427    i.lwip_ntohs        def.o
    0x0800e436   0x00000002   PAD
    0x0800e438   0x0000000c   Code   RO         8524    i.lwip_pkt_handle   lwip_comm.o
    0x0800e444   0x0000000e   Code   RO        11440    i.lwip_recv         sockets.o
    0x0800e452   0x00000002   PAD
    0x0800e454   0x000001b4   Code   RO        11441    i.lwip_recvfrom     sockets.o
    0x0800e608   0x0000023c   Code   RO        11442    i.lwip_select       sockets.o
    0x0800e844   0x000000fc   Code   RO        11443    i.lwip_selscan      sockets.o
    0x0800e940   0x00000078   Code   RO        11444    i.lwip_send         sockets.o
    0x0800e9b8   0x000000b0   Code   RO        11445    i.lwip_sendto       sockets.o
    0x0800ea68   0x00000070   Code   RO        11448    i.lwip_shutdown     sockets.o
    0x0800ead8   0x00000070   Code   RO        11449    i.lwip_socket       sockets.o
    0x0800eb48   0x00000002   Code   RO        11450    i.lwip_socket_init  sockets.o
    0x0800eb4a   0x00000056   Code   RO         9181    i.lwip_standard_chksum  inet_chksum.o
    0x0800eba0   0x00000006   Code   RO        11451    i.lwip_write        sockets.o
    0x0800eba6   0x00000002   PAD
    0x0800eba8   0x00000130   Code   RO            6    i.main              main.o
    0x0800ecd8   0x00000050   Code   RO         9764    i.mem_free          mem.o
    0x0800ed28   0x00000040   Code   RO         9765    i.mem_init          mem.o
    0x0800ed68   0x000000d0   Code   RO         9766    i.mem_malloc        mem.o
    0x0800ee38   0x000000e8   Code   RO         9767    i.mem_trim          mem.o
    0x0800ef20   0x00000028   Code   RO         9820    i.memp_free         memp.o
    0x0800ef48   0x00000058   Code   RO         9822    i.memp_init         memp.o
    0x0800efa0   0x0000002c   Code   RO         9823    i.memp_malloc       memp.o
    0x0800efcc   0x000000dc   Code   RO         8670    i.mqtt_pktype_ctl   mqtt_client_demo.o
    0x0800f0a8   0x00000110   Code   RO         8671    i.mqtt_recv_thread  mqtt_client_demo.o
    0x0800f1b8   0x00000138   Code   RO         8672    i.mqtt_send_thread  mqtt_client_demo.o
    0x0800f2f0   0x00000058   Code   RO         8673    i.mqtt_thread_init  mqtt_client_demo.o
    0x0800f348   0x00000058   Code   RO         6149    i.my_mem_free       malloc.o
    0x0800f3a0   0x0000002c   Code   RO         6150    i.my_mem_init       malloc.o
    0x0800f3cc   0x00000088   Code   RO         6151    i.my_mem_malloc     malloc.o
    0x0800f454   0x0000003c   Code   RO         6152    i.my_mem_perused    malloc.o
    0x0800f490   0x00000018   Code   RO         6153    i.myfree            malloc.o
    0x0800f4a8   0x00000020   Code   RO         6154    i.mymalloc          malloc.o
    0x0800f4c8   0x0000000c   Code   RO         6156    i.mymemset          malloc.o
    0x0800f4d4   0x00000022   Code   RO        11279    i.netbuf_delete     netbuf.o
    0x0800f4f6   0x00000016   Code   RO        11281    i.netbuf_free       netbuf.o
    0x0800f50c   0x00000040   Code   RO        11284    i.netbuf_ref        netbuf.o
    0x0800f54c   0x00000086   Code   RO        11095    i.netconn_alloc     api_msg.o
    0x0800f5d2   0x00000002   PAD
    0x0800f5d4   0x00000040   Code   RO        10931    i.netconn_close_shutdown  api_lib.o
    0x0800f614   0x00000040   Code   RO        10932    i.netconn_connect   api_lib.o
    0x0800f654   0x00000024   Code   RO        10933    i.netconn_delete    api_lib.o
    0x0800f678   0x00000090   Code   RO        11096    i.netconn_drain     api_msg.o
    0x0800f708   0x0000002e   Code   RO        11097    i.netconn_free      api_msg.o
    0x0800f736   0x00000002   PAD
    0x0800f738   0x00000048   Code   RO        10935    i.netconn_getaddr   api_lib.o
    0x0800f780   0x00000054   Code   RO        10936    i.netconn_gethostbyname  api_lib.o
    0x0800f7d4   0x00000060   Code   RO        10938    i.netconn_new_with_proto_and_callback  api_lib.o
    0x0800f834   0x00000088   Code   RO        10939    i.netconn_recv      api_lib.o
    0x0800f8bc   0x000000d4   Code   RO        10940    i.netconn_recv_data  api_lib.o
    0x0800f990   0x00000012   Code   RO        10941    i.netconn_recv_tcp_pbuf  api_lib.o
    0x0800f9a2   0x00000002   PAD
    0x0800f9a4   0x0000002c   Code   RO        10942    i.netconn_recved    api_lib.o
    0x0800f9d0   0x0000003c   Code   RO        10943    i.netconn_send      api_lib.o
    0x0800fa0c   0x0000000e   Code   RO        10945    i.netconn_shutdown  api_lib.o
    0x0800fa1a   0x00000002   PAD
    0x0800fa1c   0x00000090   Code   RO        10946    i.netconn_write_partly  api_lib.o
    0x0800faac   0x0000004c   Code   RO         9882    i.netif_add         netif.o
    0x0800faf8   0x00000002   Code   RO         9884    i.netif_init        netif.o
    0x0800fafa   0x00000020   Code   RO         9886    i.netif_set_addr    netif.o
    0x0800fb1a   0x00000002   PAD
    0x0800fb1c   0x0000000c   Code   RO         9887    i.netif_set_default  netif.o
    0x0800fb28   0x0000001a   Code   RO         9888    i.netif_set_down    netif.o
    0x0800fb42   0x00000008   Code   RO         9889    i.netif_set_gw      netif.o
    0x0800fb4a   0x00000002   PAD
    0x0800fb4c   0x00000068   Code   RO         9890    i.netif_set_ipaddr  netif.o
    0x0800fbb4   0x00000038   Code   RO         9892    i.netif_set_link_up  netif.o
    0x0800fbec   0x00000008   Code   RO         9893    i.netif_set_netmask  netif.o
    0x0800fbf4   0x00000020   Code   RO         9894    i.netif_set_up      netif.o
    0x0800fc14   0x000000d0   Code   RO        12224    i.parse_array       cjson.o
    0x0800fce4   0x00000040   Code   RO        12225    i.parse_hex4        cjson.o
    0x0800fd24   0x000000e8   Code   RO        12226    i.parse_number      cjson.o
    0x0800fe0c   0x0000010a   Code   RO        12227    i.parse_object      cjson.o
    0x0800ff16   0x00000122   Code   RO        12228    i.parse_string      cjson.o
    0x08010038   0x000000fc   Code   RO        12229    i.parse_value       cjson.o
    0x08010134   0x00000114   Code   RO         9984    i.pbuf_alloc        pbuf.o
    0x08010248   0x00000054   Code   RO         9985    i.pbuf_alloced_custom  pbuf.o
    0x0801029c   0x00000028   Code   RO         9986    i.pbuf_cat          pbuf.o
    0x080102c4   0x00000012   Code   RO         9987    i.pbuf_chain        pbuf.o
    0x080102d6   0x00000012   Code   RO         9988    i.pbuf_clen         pbuf.o
    0x080102e8   0x0000009a   Code   RO         9990    i.pbuf_copy         pbuf.o
    0x08010382   0x00000068   Code   RO         9991    i.pbuf_copy_partial  pbuf.o
    0x080103ea   0x00000060   Code   RO         9993    i.pbuf_free         pbuf.o
    0x0801044a   0x00000014   Code   RO         8991    i.pbuf_free_custom  ethernetif.o
    0x0801045e   0x00000060   Code   RO         9995    i.pbuf_header       pbuf.o
    0x080104be   0x0000004e   Code   RO         9998    i.pbuf_realloc      pbuf.o
    0x0801050c   0x0000001a   Code   RO         9999    i.pbuf_ref          pbuf.o
    0x08010526   0x00000002   PAD
    0x08010528   0x00000084   Code   RO        11098    i.pcb_new           api_msg.o
    0x080105ac   0x00000054   Code   RO         9768    i.plug_holes        mem.o
    0x08010600   0x00000058   Code   RO        11099    i.poll_tcp          api_msg.o
    0x08010658   0x00000098   Code   RO        12230    i.print             cjson.o
    0x080106f0   0x00000096   Code   RO        12231    i.print_array       cjson.o
    0x08010786   0x00000002   PAD
    0x08010788   0x00000124   Code   RO        12232    i.print_number      cjson.o
    0x080108ac   0x00000136   Code   RO        12233    i.print_object      cjson.o
    0x080109e2   0x00000002   PAD
    0x080109e4   0x00000110   Code   RO        12234    i.print_string_ptr  cjson.o
    0x08010af4   0x000000d0   Code   RO        12235    i.print_value       cjson.o
    0x08010bc4   0x0000000a   Code   RO        10110    i.raw_connect       raw.o
    0x08010bce   0x00000002   PAD
    0x08010bd0   0x00000074   Code   RO        10111    i.raw_input         raw.o
    0x08010c44   0x0000002c   Code   RO        10112    i.raw_new           raw.o
    0x08010c70   0x00000006   Code   RO        10113    i.raw_recv          raw.o
    0x08010c76   0x00000002   PAD
    0x08010c78   0x0000002c   Code   RO        10114    i.raw_remove        raw.o
    0x08010ca4   0x00000006   Code   RO        10115    i.raw_send          raw.o
    0x08010caa   0x00000090   Code   RO        10116    i.raw_sendto        raw.o
    0x08010d3a   0x0000000c   Code   RO        11867    i.readChar          mqttpacket.o
    0x08010d46   0x00000012   Code   RO        11868    i.readInt           mqttpacket.o
    0x08010d58   0x00000034   Code   RO        11869    i.readMQTTLenString  mqttpacket.o
    0x08010d8c   0x00000004   Code   RO         6234    i.read_addr         usmart.o
    0x08010d90   0x0000007c   Code   RO        11100    i.recv_raw          api_msg.o
    0x08010e0c   0x00000072   Code   RO        11101    i.recv_tcp          api_msg.o
    0x08010e7e   0x00000070   Code   RO        11102    i.recv_udp          api_msg.o
    0x08010eee   0x00000058   Code   RO        11103    i.sent_tcp          api_msg.o
    0x08010f46   0x00000002   PAD
    0x08010f48   0x00000044   Code   RO        11104    i.setup_tcp         api_msg.o
    0x08010f8c   0x000000f4   Code   RO            7    i.show_address      main.o
    0x08011080   0x000000c8   Code   RO            8    i.start_task        main.o
    0x08011148   0x00000084   Code   RO        10792    i.sys_arch_mbox_fetch  sys_arch.o
    0x080111cc   0x00000006   Code   RO        10793    i.sys_arch_mbox_tryfetch  sys_arch.o
    0x080111d2   0x00000068   Code   RO        10794    i.sys_arch_sem_wait  sys_arch.o
    0x0801123a   0x00000002   Code   RO        10795    i.sys_init          sys_arch.o
    0x0801123c   0x00000016   Code   RO        10796    i.sys_mbox_free     sys_arch.o
    0x08011252   0x00000002   PAD
    0x08011254   0x0000002c   Code   RO        10797    i.sys_mbox_new      sys_arch.o
    0x08011280   0x00000050   Code   RO        10798    i.sys_mbox_post     sys_arch.o
    0x080112d0   0x00000018   Code   RO        10799    i.sys_mbox_set_invalid  sys_arch.o
    0x080112e8   0x00000024   Code   RO        10800    i.sys_mbox_trypost  sys_arch.o
    0x0801130c   0x0000001c   Code   RO        10801    i.sys_mbox_valid    sys_arch.o
    0x08011328   0x00000016   Code   RO        10803    i.sys_now           sys_arch.o
    0x0801133e   0x0000000c   Code   RO        10804    i.sys_sem_free      sys_arch.o
    0x0801134a   0x00000002   PAD
    0x0801134c   0x00000028   Code   RO        10805    i.sys_sem_new       sys_arch.o
    0x08011374   0x00000018   Code   RO        10806    i.sys_sem_set_invalid  sys_arch.o
    0x0801138c   0x0000000c   Code   RO        10807    i.sys_sem_signal    sys_arch.o
    0x08011398   0x00000020   Code   RO        10808    i.sys_sem_valid     sys_arch.o
    0x080113b8   0x00000088   Code   RO        10809    i.sys_thread_new    sys_arch.o
    0x08011440   0x0000005c   Code   RO        10589    i.sys_timeout       timers.o
    0x0801149c   0x00000054   Code   RO        10590    i.sys_timeouts_init  timers.o
    0x080114f0   0x00000064   Code   RO        10591    i.sys_timeouts_mbox_fetch  timers.o
    0x08011554   0x00000048   Code   RO        10592    i.sys_untimeout     timers.o
    0x0801159c   0x0000008c   Code   RO        10195    i.tcp_abandon       tcp.o
    0x08011628   0x00000006   Code   RO        10196    i.tcp_abort         tcp.o
    0x0801162e   0x00000004   Code   RO        10197    i.tcp_accept        tcp.o
    0x08011632   0x00000002   PAD
    0x08011634   0x000000f8   Code   RO        10199    i.tcp_alloc         tcp.o
    0x0801172c   0x00000004   Code   RO        10200    i.tcp_arg           tcp.o
    0x08011730   0x00000014   Code   RO        10202    i.tcp_close         tcp.o
    0x08011744   0x00000128   Code   RO        10203    i.tcp_close_shutdown  tcp.o
    0x0801186c   0x00000100   Code   RO        10204    i.tcp_connect       tcp.o
    0x0801196c   0x0000009c   Code   RO        10480    i.tcp_create_segment  tcp_out.o
    0x08011a08   0x00000020   Code   RO        10206    i.tcp_eff_send_mss  tcp.o
    0x08011a28   0x000000aa   Code   RO        10481    i.tcp_enqueue_flags  tcp_out.o
    0x08011ad2   0x00000006   Code   RO        10207    i.tcp_err           tcp.o
    0x08011ad8   0x0000005c   Code   RO        10208    i.tcp_fasttmr       tcp.o
    0x08011b34   0x00000002   Code   RO        10209    i.tcp_init          tcp.o
    0x08011b36   0x00000002   PAD
    0x08011b38   0x00000308   Code   RO        10420    i.tcp_input         tcp_in.o
    0x08011e40   0x0000003c   Code   RO        10482    i.tcp_keepalive     tcp_out.o
    0x08011e7c   0x000000e4   Code   RO        10421    i.tcp_listen_input  tcp_in.o
    0x08011f60   0x00000006   Code   RO        10211    i.tcp_new           tcp.o
    0x08011f66   0x00000002   PAD
    0x08011f68   0x0000005c   Code   RO        10212    i.tcp_new_port      tcp.o
    0x08011fc4   0x00000010   Code   RO        10213    i.tcp_next_iss      tcp.o
    0x08011fd4   0x00000190   Code   RO        10483    i.tcp_output        tcp_out.o
    0x08012164   0x0000006a   Code   RO        10484    i.tcp_output_alloc_header  tcp_out.o
    0x080121ce   0x00000002   PAD
    0x080121d0   0x000000b0   Code   RO        10485    i.tcp_output_segment  tcp_out.o
    0x08012280   0x00000080   Code   RO        10422    i.tcp_parseopt      tcp_in.o
    0x08012300   0x0000004e   Code   RO        10486    i.tcp_pbuf_prealloc  tcp_out.o
    0x0801234e   0x0000003a   Code   RO        10214    i.tcp_pcb_purge     tcp.o
    0x08012388   0x00000058   Code   RO        10215    i.tcp_pcb_remove    tcp.o
    0x080123e0   0x0000000a   Code   RO        10216    i.tcp_poll          tcp.o
    0x080123ea   0x00000002   PAD
    0x080123ec   0x00000344   Code   RO        10423    i.tcp_process       tcp_in.o
    0x08012730   0x00000064   Code   RO        10217    i.tcp_process_refused_data  tcp.o
    0x08012794   0x00000412   Code   RO        10424    i.tcp_receive       tcp_in.o
    0x08012ba6   0x00000004   Code   RO        10218    i.tcp_recv          tcp.o
    0x08012baa   0x00000024   Code   RO        10219    i.tcp_recv_null     tcp.o
    0x08012bce   0x00000038   Code   RO        10220    i.tcp_recved        tcp.o
    0x08012c06   0x00000052   Code   RO        10487    i.tcp_rexmit        tcp_out.o
    0x08012c58   0x00000058   Code   RO        10488    i.tcp_rexmit_fast   tcp_out.o
    0x08012cb0   0x0000002e   Code   RO        10489    i.tcp_rexmit_rto    tcp_out.o
    0x08012cde   0x00000076   Code   RO        10490    i.tcp_rst           tcp_out.o
    0x08012d54   0x0000001c   Code   RO        10221    i.tcp_seg_free      tcp.o
    0x08012d70   0x00000012   Code   RO        10222    i.tcp_segs_free     tcp.o
    0x08012d82   0x00000048   Code   RO        10491    i.tcp_send_empty_ack  tcp_out.o
    0x08012dca   0x00000046   Code   RO        10492    i.tcp_send_fin      tcp_out.o
    0x08012e10   0x00000004   Code   RO        10223    i.tcp_sent          tcp.o
    0x08012e14   0x0000004e   Code   RO        10225    i.tcp_shutdown      tcp.o
    0x08012e62   0x00000002   PAD
    0x08012e64   0x00000260   Code   RO        10226    i.tcp_slowtmr       tcp.o
    0x080130c4   0x00000034   Code   RO        10593    i.tcp_timer_needed  timers.o
    0x080130f8   0x0000006c   Code   RO        10425    i.tcp_timewait_input  tcp_in.o
    0x08013164   0x00000020   Code   RO        10227    i.tcp_tmr           tcp.o
    0x08013184   0x00000034   Code   RO        10228    i.tcp_update_rcv_ann_wnd  tcp.o
    0x080131b8   0x000002f6   Code   RO        10493    i.tcp_write         tcp_out.o
    0x080134ae   0x00000092   Code   RO        10494    i.tcp_zero_window_probe  tcp_out.o
    0x08013540   0x00000040   Code   RO        11615    i.tcpip_apimsg      tcpip.o
    0x08013580   0x0000005c   Code   RO        11616    i.tcpip_callback_with_block  tcpip.o
    0x080135dc   0x00000048   Code   RO        11619    i.tcpip_init        tcpip.o
    0x08013624   0x0000004c   Code   RO        11620    i.tcpip_input       tcpip.o
    0x08013670   0x00000038   Code   RO        10594    i.tcpip_tcp_timer   timers.o
    0x080136a8   0x00000084   Code   RO        11621    i.tcpip_thread      tcpip.o
    0x0801372c   0x00000028   Code   RO        12094    i.transport_close   transport.o
    0x08013754   0x00000014   Code   RO        12095    i.transport_getdata  transport.o
    0x08013768   0x00000058   Code   RO        12096    i.transport_open    transport.o
    0x080137c0   0x00000010   Code   RO        12097    i.transport_sendPacketBuffer  transport.o
    0x080137d0   0x00000020   Code   RO        11452    i.tryget_socket     sockets.o
    0x080137f0   0x00000038   Code   RO          816    i.uart_init         usart.o
    0x08013828   0x00000098   Code   RO        10691    i.udp_bind          udp.o
    0x080138c0   0x0000004c   Code   RO        10692    i.udp_connect       udp.o
    0x0801390c   0x00000002   Code   RO        10694    i.udp_init          udp.o
    0x0801390e   0x00000002   PAD
    0x08013910   0x0000016c   Code   RO        10695    i.udp_input         udp.o
    0x08013a7c   0x0000001a   Code   RO        10696    i.udp_new           udp.o
    0x08013a96   0x00000006   Code   RO        10697    i.udp_recv          udp.o
    0x08013a9c   0x0000002c   Code   RO        10698    i.udp_remove        udp.o
    0x08013ac8   0x00000008   Code   RO        10699    i.udp_send          udp.o
    0x08013ad0   0x00000028   Code   RO        10700    i.udp_sendto        udp.o
    0x08013af8   0x000000b6   Code   RO        10701    i.udp_sendto_if     udp.o
    0x08013bae   0x0000001c   Code   RO        12237    i.update_offset     cjson.o
    0x08013bca   0x00000002   PAD
    0x08013bcc   0x00000094   Code   RO         6235    i.usmart_cmd_rec    usmart.o
    0x08013c60   0x00000260   Code   RO         6236    i.usmart_exe        usmart.o
    0x08013ec0   0x000000a4   Code   RO         6347    i.usmart_get_aparm  usmart_str.o
    0x08013f64   0x0000002e   Code   RO         6348    i.usmart_get_cmdname  usmart_str.o
    0x08013f92   0x00000002   PAD
    0x08013f94   0x00000168   Code   RO         6349    i.usmart_get_fname  usmart_str.o
    0x080140fc   0x000000d0   Code   RO         6350    i.usmart_get_fparam  usmart_str.o
    0x080141cc   0x00000024   Code   RO         6351    i.usmart_get_parmpos  usmart_str.o
    0x080141f0   0x00000030   Code   RO         6237    i.usmart_get_runtime  usmart.o
    0x08014220   0x00000028   Code   RO         6238    i.usmart_init       usmart.o
    0x08014248   0x00000010   Code   RO         6352    i.usmart_pow        usmart_str.o
    0x08014258   0x00000028   Code   RO         6239    i.usmart_reset_runtime  usmart.o
    0x08014280   0x000000a4   Code   RO         6240    i.usmart_scan       usmart.o
    0x08014324   0x00000010   Code   RO         6353    i.usmart_search_nextc  usmart_str.o
    0x08014334   0x000000d6   Code   RO         6354    i.usmart_str2num    usmart_str.o
    0x0801440a   0x00000018   Code   RO         6355    i.usmart_strcmp     usmart_str.o
    0x08014422   0x00000012   Code   RO         6356    i.usmart_strcopy    usmart_str.o
    0x08014434   0x00000012   Code   RO         6357    i.usmart_strlen     usmart_str.o
    0x08014446   0x00000002   PAD
    0x08014448   0x00000680   Code   RO         6241    i.usmart_sys_cmd_exe  usmart.o
    0x08014ac8   0x000000d0   Code   RO        12238    i.utf16_literal_to_utf8  cjson.o
    0x08014b98   0x00000028   Code   RO        11870    i.writeCString      mqttpacket.o
    0x08014bc0   0x0000000c   Code   RO        11871    i.writeChar         mqttpacket.o
    0x08014bcc   0x0000001e   Code   RO        11872    i.writeInt          mqttpacket.o
    0x08014bea   0x00000036   Code   RO        11873    i.writeMQTTString   mqttpacket.o
    0x08014c20   0x00000004   Code   RO         6242    i.write_addr        usmart.o
    0x08014c24   0x0000002c   Code   RO        13010    locale$$code        c_w.l(lc_ctype_c.o)
    0x08014c50   0x0000002c   Code   RO        13132    locale$$code        c_w.l(lc_numeric_c.o)
    0x08014c7c   0x00000010   Code   RO        13300    x$fpl$dcheck1       fz_wv.l(dcheck1.o)
    0x08014c8c   0x0000000a   Code   RO        13146    x$fpl$fpinit        fz_wv.l(fpinit.o)
    0x08014c96   0x00000004   Code   RO        12932    x$fpl$printf1       fz_wv.l(printf1.o)
    0x08014c9a   0x00000064   Code   RO        13302    x$fpl$retnan        fz_wv.l(retnan.o)
    0x08014cfe   0x0000005c   Code   RO        13266    x$fpl$scalbn        fz_wv.l(scalbn.o)
    0x08014d5a   0x00000004   Code   RO        12934    x$fpl$scanf1        fz_wv.l(scanf1.o)
    0x08014d5e   0x00000008   Code   RO        13150    x$fpl$scanf2        fz_wv.l(scanf2.o)
    0x08014d66   0x00000030   Code   RO        13304    x$fpl$trapveneer    fz_wv.l(trapv.o)
    0x08014d96   0x00000000   Code   RO        13059    x$fpl$usenofp       fz_wv.l(usenofp.o)
    0x08014d96   0x00000010   Data   RO          573    .constdata          system_stm32h7xx.o
    0x08014da6   0x00000018   Data   RO         2237    .constdata          stm32h7xx_hal_uart.o
    0x08014dbe   0x00000002   PAD
    0x08014dc0   0x00000024   Data   RO         6164    .constdata          malloc.o
    0x08014de4   0x00000004   Data   RO         7167    .constdata          os_cfg_app.o
    0x08014de8   0x00000004   Data   RO         7168    .constdata          os_cfg_app.o
    0x08014dec   0x00000004   Data   RO         7169    .constdata          os_cfg_app.o
    0x08014df0   0x00000004   Data   RO         7178    .constdata          os_cfg_app.o
    0x08014df4   0x00000004   Data   RO         7179    .constdata          os_cfg_app.o
    0x08014df8   0x00000002   Data   RO         7181    .constdata          os_cfg_app.o
    0x08014dfa   0x00000002   PAD
    0x08014dfc   0x00000004   Data   RO         7183    .constdata          os_cfg_app.o
    0x08014e00   0x00000001   Data   RO         7184    .constdata          os_cfg_app.o
    0x08014e01   0x00000003   PAD
    0x08014e04   0x00000004   Data   RO         7185    .constdata          os_cfg_app.o
    0x08014e08   0x00000004   Data   RO         7186    .constdata          os_cfg_app.o
    0x08014e0c   0x00000004   Data   RO         7187    .constdata          os_cfg_app.o
    0x08014e10   0x00000004   Data   RO         7188    .constdata          os_cfg_app.o
    0x08014e14   0x00000004   Data   RO         7190    .constdata          os_cfg_app.o
    0x08014e18   0x00000004   Data   RO         7191    .constdata          os_cfg_app.o
    0x08014e1c   0x00000001   Data   RO         7192    .constdata          os_cfg_app.o
    0x08014e1d   0x00000003   PAD
    0x08014e20   0x00000004   Data   RO         7193    .constdata          os_cfg_app.o
    0x08014e24   0x00000004   Data   RO         7194    .constdata          os_cfg_app.o
    0x08014e28   0x00000004   Data   RO         7195    .constdata          os_cfg_app.o
    0x08014e2c   0x00000001   Data   RO         7197    .constdata          os_cfg_app.o
    0x08014e2d   0x00000003   PAD
    0x08014e30   0x00000004   Data   RO         7198    .constdata          os_cfg_app.o
    0x08014e34   0x00000004   Data   RO         7199    .constdata          os_cfg_app.o
    0x08014e38   0x00000004   Data   RO         7200    .constdata          os_cfg_app.o
    0x08014e3c   0x00000004   Data   RO         7201    .constdata          os_cfg_app.o
    0x08014e40   0x00000058   Data   RO         8675    .constdata          mqtt_client_demo.o
    0x08014e98   0x0000000c   Data   RO         8887    .constdata          etharp.o
    0x08014ea4   0x00000004   Data   RO         9288    .constdata          ip_addr.o
    0x08014ea8   0x00000004   Data   RO         9289    .constdata          ip_addr.o
    0x08014eac   0x0000003c   Data   RO         9825    .constdata          memp.o
    0x08014ee8   0x00000054   Data   RO        10229    .constdata          tcp.o
    0x08014f3c   0x00000004   Data   RO        10811    .constdata          sys_arch.o
    0x08014f40   0x00000040   Data   RO        11454    .constdata          sockets.o
    0x08014f80   0x00000028   Data   RO        12860    .constdata          c_w.l(_printf_hex_int.o)
    0x08014fa8   0x00000011   Data   RO        12895    .constdata          c_w.l(__printf_flags_ss_wp.o)
    0x08014fb9   0x00000003   PAD
    0x08014fbc   0x00000094   Data   RO        13103    .constdata          c_w.l(bigflt0.o)
    0x08015050   0x00000028   Data   RO         6244    .conststring        usmart.o
    0x08015078   0x0000006b   Data   RO         6321    .conststring        usmart_config.o
    0x080150e3   0x00000001   PAD
    0x080150e4   0x00000075   Data   RO        10230    .conststring        tcp.o
    0x08015159   0x00000003   PAD
    0x0801515c   0x00000020   Data   RO        13306    Region$$Table       anon$$obj.o
    0x0801517c   0x00000008   Data   RO        13143    c$$dinf             fz_wv.l(fpconst.o)
    0x08015184   0x00000110   Data   RO        13009    locale$$data        c_w.l(lc_ctype_c.o)
    0x08015294   0x0000001c   Data   RO        13131    locale$$data        c_w.l(lc_numeric_c.o)


    Execution Region RW_IRAM1 (Base: 0x20000000, Size: 0x0000ff00, Max: 0x00020000, ABSOLUTE)

    Base Addr    Size         Type   Attr      Idx    E Section Name        Object

    0x20000000   0x0000f000   Zero   RW         6158    .ARM.__AT_0x20000000  malloc.o
    0x2000f000   0x00000f00   Zero   RW         6159    .ARM.__AT_0x2000F000  malloc.o


    Execution Region RW_IRAM2 (Base: 0x24000000, Size: 0x00036168, Max: 0x00080000, ABSOLUTE, COMPRESSED[0x0000008c])

    Base Addr    Size         Type   Attr      Idx    E Section Name        Object

    0x24000000   0x00000004   Data   RW          574    .data               system_stm32h7xx.o
    0x24000004   0x00000004   Data   RW          575    .data               system_stm32h7xx.o
    0x24000008   0x00000008   Data   RW          703    .data               delay.o
    0x24000010   0x00000004   Data   RW          818    .data               usart.o
    0x24000014   0x00000004   Data   RW          819    .data               usart.o
    0x24000018   0x00000004   Data   RW          923    .data               stm32h7xx_hal.o
    0x2400001c   0x00000024   Data   RW         6165    .data               malloc.o
    0x24000040   0x0000001c   Data   RW         6245    .data               usmart.o
    0x2400005c   0x00000020   Data   RW         6322    .data               usmart_config.o
    0x2400007c   0x000000f4   Data   RW         6323    .data               usmart_config.o
    0x24000170   0x0000001c   Data   RW         6506    .data               cpu_core.o
    0x2400018c   0x00000004   Data   RW         7721    .data               os_prio.o
    0x24000190   0x00000004   Data   RW         8279    .data               os_var.o
    0x24000194   0x00000004   Data   RW         8280    .data               os_var.o
    0x24000198   0x00000004   Data   RW         8281    .data               os_var.o
    0x2400019c   0x00000004   Data   RW         8282    .data               os_var.o
    0x240001a0   0x00000004   Data   RW         8283    .data               os_var.o
    0x240001a4   0x00000004   Data   RW         8284    .data               os_var.o
    0x240001a8   0x00000004   Data   RW         8285    .data               os_var.o
    0x240001ac   0x00000004   Data   RW         8286    .data               os_var.o
    0x240001b0   0x00000001   Data   RW         8287    .data               os_var.o
    0x240001b1   0x00000003   PAD
    0x240001b4   0x00000004   Data   RW         8288    .data               os_var.o
    0x240001b8   0x00000001   Data   RW         8289    .data               os_var.o
    0x240001b9   0x00000003   PAD
    0x240001bc   0x00000004   Data   RW         8290    .data               os_var.o
    0x240001c0   0x00000002   Data   RW         8291    .data               os_var.o
    0x240001c2   0x00000002   PAD
    0x240001c4   0x00000004   Data   RW         8292    .data               os_var.o
    0x240001c8   0x00000002   Data   RW         8293    .data               os_var.o
    0x240001ca   0x00000002   PAD
    0x240001cc   0x00000004   Data   RW         8294    .data               os_var.o
    0x240001d0   0x00000002   Data   RW         8295    .data               os_var.o
    0x240001d2   0x00000001   Data   RW         8296    .data               os_var.o
    0x240001d3   0x00000001   Data   RW         8297    .data               os_var.o
    0x240001d4   0x00000001   Data   RW         8298    .data               os_var.o
    0x240001d5   0x00000003   PAD
    0x240001d8   0x00000004   Data   RW         8299    .data               os_var.o
    0x240001dc   0x00000002   Data   RW         8300    .data               os_var.o
    0x240001de   0x00000001   Data   RW         8301    .data               os_var.o
    0x240001df   0x00000001   PAD
    0x240001e0   0x00000004   Data   RW         8302    .data               os_var.o
    0x240001e4   0x00000001   Data   RW         8303    .data               os_var.o
    0x240001e5   0x00000003   PAD
    0x240001e8   0x00000004   Data   RW         8304    .data               os_var.o
    0x240001ec   0x00000002   Data   RW         8305    .data               os_var.o
    0x240001ee   0x00000001   Data   RW         8306    .data               os_var.o
    0x240001ef   0x00000001   PAD
    0x240001f0   0x00000002   Data   RW         8307    .data               os_var.o
    0x240001f2   0x00000002   Data   RW         8308    .data               os_var.o
    0x240001f4   0x00000004   Data   RW         8309    .data               os_var.o
    0x240001f8   0x00000004   Data   RW         8310    .data               os_var.o
    0x240001fc   0x00000004   Data   RW         8311    .data               os_var.o
    0x24000200   0x00000001   Data   RW         8312    .data               os_var.o
    0x24000201   0x00000003   PAD
    0x24000204   0x00000004   Data   RW         8313    .data               os_var.o
    0x24000208   0x00000004   Data   RW         8314    .data               os_var.o
    0x2400020c   0x00000004   Data   RW         8315    .data               os_var.o
    0x24000210   0x00000002   Data   RW         8316    .data               os_var.o
    0x24000212   0x00000001   Data   RW         8317    .data               os_var.o
    0x24000213   0x00000001   PAD
    0x24000214   0x00000004   Data   RW         8318    .data               os_var.o
    0x24000218   0x00000004   Data   RW         8319    .data               os_var.o
    0x2400021c   0x00000008   Data   RW         8320    .data               os_var.o
    0x24000224   0x00000008   Data   RW         8321    .data               os_var.o
    0x2400022c   0x00000004   Data   RW         8322    .data               os_var.o
    0x24000230   0x00000002   Data   RW         8323    .data               os_var.o
    0x24000232   0x00000002   PAD
    0x24000234   0x00000004   Data   RW         8324    .data               os_var.o
    0x24000238   0x00000004   Data   RW         8326    .data               os_var.o
    0x2400023c   0x00000004   Data   RW         8327    .data               os_var.o
    0x24000240   0x00000004   Data   RW         8328    .data               os_var.o
    0x24000244   0x00000004   Data   RW         8329    .data               os_var.o
    0x24000248   0x00000004   Data   RW         8330    .data               os_var.o
    0x2400024c   0x00000004   Data   RW         8331    .data               os_var.o
    0x24000250   0x00000004   Data   RW         8355    .data               os_cpu_c.o
    0x24000254   0x00000008   Data   RW         8526    .data               lwip_comm.o
    0x2400025c   0x0000000c   Data   RW         8676    .data               mqtt_client_demo.o
    0x24000268   0x00000001   Data   RW         8888    .data               etharp.o
    0x24000269   0x00000003   PAD
    0x2400026c   0x00000004   Data   RW         8993    .data               ethernetif.o
    0x24000270   0x00000014   Data   RW         9228    .data               ip.o
    0x24000284   0x00000008   Data   RW         9362    .data               ip_frag.o
    0x2400028c   0x00000004   Data   RW         9496    .data               dhcp.o
    0x24000290   0x00000014   Data   RW         9662    .data               dns.o
    0x240002a4   0x0000000c   Data   RW         9770    .data               mem.o
    0x240002b0   0x0000000c   Data   RW         9895    .data               netif.o
    0x240002bc   0x00000004   Data   RW        10117    .data               raw.o
    0x240002c0   0x00000024   Data   RW        10231    .data               tcp.o
    0x240002e4   0x0000001c   Data   RW        10427    .data               tcp_in.o
    0x24000300   0x00000008   Data   RW        10595    .data               timers.o
    0x24000308   0x00000008   Data   RW        10702    .data               udp.o
    0x24000310   0x00000008   Data   RW        11455    .data               sockets.o
    0x24000318   0x00000008   Data   RW        11626    .data               tcpip.o
    0x24000320   0x00000004   Data   RW        11874    .data               mqttpacket.o
    0x24000324   0x00000004   Data   RW        12098    .data               transport.o
    0x24000328   0x00000014   Data   RW        12240    .data               cjson.o
    0x2400033c   0x00001288   Zero   RW            9    .bss                main.o
    0x240015c4   0x00000148   Zero   RW          817    .bss                usart.o
    0x2400170c   0x00000034   Zero   RW         5679    .bss                sdram.o
    0x24001740   0x00000068   Zero   RW         5980    .bss                lan8720.o
    0x240017a8   0x00000018   PAD
    0x240017c0   0x00028000   Zero   RW         6162    .bss                malloc.o
    0x240297c0   0x00002800   Zero   RW         6163    .bss                malloc.o
    0x2402bfc0   0x00000040   Zero   RW         6243    .bss                usmart.o
    0x2402c000   0x00000010   Zero   RW         6503    .bss                cpu_core.o
    0x2402c010   0x00000200   Zero   RW         7161    .bss                os_cfg_app.o
    0x2402c210   0x00000190   Zero   RW         7162    .bss                os_cfg_app.o
    0x2402c3a0   0x00000640   Zero   RW         7163    .bss                os_cfg_app.o
    0x2402c9e0   0x00000190   Zero   RW         7164    .bss                os_cfg_app.o
    0x2402cb70   0x00000200   Zero   RW         7165    .bss                os_cfg_app.o
    0x2402cd70   0x00000200   Zero   RW         7166    .bss                os_cfg_app.o
    0x2402cf70   0x000000c8   Zero   RW         8272    .bss                os_var.o
    0x2402d038   0x0000000c   Zero   RW         8273    .bss                os_var.o
    0x2402d044   0x00000180   Zero   RW         8274    .bss                os_var.o
    0x2402d1c4   0x000000c8   Zero   RW         8275    .bss                os_var.o
    0x2402d28c   0x000000c8   Zero   RW         8276    .bss                os_var.o
    0x2402d354   0x00000030   Zero   RW         8277    .bss                os_var.o
    0x2402d384   0x000000c8   Zero   RW         8278    .bss                os_var.o
    0x2402d44c   0x00000114   Zero   RW         8525    .bss                lwip_comm.o
    0x2402d560   0x00000234   Zero   RW         8674    .bss                mqtt_client_demo.o
    0x2402d794   0x000000c8   Zero   RW         8886    .bss                etharp.o
    0x2402d85c   0x00000084   Zero   RW         8992    .bss                ethernetif.o
    0x2402d8e0   0x00000010   Zero   RW         9287    .bss                ip_addr.o
    0x2402d8f0   0x00000032   Zero   RW         9495    .bss                dhcp.o
    0x2402d922   0x00000002   PAD
    0x2402d924   0x00000663   Zero   RW         9661    .bss                dns.o
    0x2402df87   0x00000001   PAD
    0x2402df88   0x00003ebc   Zero   RW         9769    .bss                mem.o
    0x24031e44   0x00003b57   Zero   RW         9824    .bss                memp.o
    0x2403599b   0x00000001   PAD
    0x2403599c   0x00000014   Zero   RW        10426    .bss                tcp_in.o
    0x240359b0   0x000000c8   Zero   RW        10810    .bss                sys_arch.o
    0x24035a78   0x00000060   Zero   RW        11453    .bss                sockets.o
    0x24035ad8   0x00000030   Zero   RW        11625    .bss                tcpip.o
    0x24035b08   0x00000060   Zero   RW        13063    .bss                c_w.l(libspace.o)
    0x24035b68   0x00000200   Zero   RW          686    HEAP                startup_stm32h743xx.o
    0x24035d68   0x00000400   Zero   RW          685    STACK               startup_stm32h743xx.o



  Load Region LR$$.ARM.__AT_0x30040000 (Base: 0x30040000, Size: 0x00000000, Max: 0x00000060, ABSOLUTE)

    Execution Region ER$$.ARM.__AT_0x30040000 (Base: 0x30040000, Size: 0x00000060, Max: 0x00000060, ABSOLUTE, UNINIT)

    Base Addr    Size         Type   Attr      Idx    E Section Name        Object

    0x30040000   0x00000060   Zero   RW         5977    .ARM.__AT_0x30040000  lan8720.o



  Load Region LR$$.ARM.__AT_0x30040060 (Base: 0x30040060, Size: 0x00000000, Max: 0x00000060, ABSOLUTE)

    Execution Region ER$$.ARM.__AT_0x30040060 (Base: 0x30040060, Size: 0x00000060, Max: 0x00000060, ABSOLUTE, UNINIT)

    Base Addr    Size         Type   Attr      Idx    E Section Name        Object

    0x30040060   0x00000060   Zero   RW         5978    .ARM.__AT_0x30040060  lan8720.o



  Load Region LR$$.ARM.__AT_0x30040200 (Base: 0x30040200, Size: 0x00000000, Max: 0x000017e0, ABSOLUTE)

    Execution Region ER$$.ARM.__AT_0x30040200 (Base: 0x30040200, Size: 0x000017e0, Max: 0x000017e0, ABSOLUTE, UNINIT)

    Base Addr    Size         Type   Attr      Idx    E Section Name        Object

    0x30040200   0x000017e0   Zero   RW         5979    .ARM.__AT_0x30040200  lan8720.o



  Load Region LR$$.ARM.__AT_0xC0000000 (Base: 0xc0000000, Size: 0x00000000, Max: 0x001f4000, ABSOLUTE)

    Execution Region ER$$.ARM.__AT_0xC0000000 (Base: 0xc0000000, Size: 0x001f4000, Max: 0x001f4000, ABSOLUTE, UNINIT)

    Base Addr    Size         Type   Attr      Idx    E Section Name        Object

    0xc0000000   0x001f4000   Zero   RW         5748    .ARM.__AT_0xC0000000  ltdc.o



  Load Region LR$$.ARM.__AT_0xC01F4000 (Base: 0xc01f4000, Size: 0x00000000, Max: 0x01c3c000, ABSOLUTE)

    Execution Region ER$$.ARM.__AT_0xC01F4000 (Base: 0xc01f4000, Size: 0x01c3c000, Max: 0x01c3c000, ABSOLUTE, UNINIT)

    Base Addr    Size         Type   Attr      Idx    E Section Name        Object

    0xc01f4000   0x01c3c000   Zero   RW         6160    .ARM.__AT_0xC01F4000  malloc.o



  Load Region LR$$.ARM.__AT_0xC1E30000 (Base: 0xc1e30000, Size: 0x00000000, Max: 0x001c3c00, ABSOLUTE)

    Execution Region ER$$.ARM.__AT_0xC1E30000 (Base: 0xc1e30000, Size: 0x001c3c00, Max: 0x001c3c00, ABSOLUTE, UNINIT)

    Base Addr    Size         Type   Attr      Idx    E Section Name        Object

    0xc1e30000   0x001c3c00   Zero   RW         6161    .ARM.__AT_0xC1E30000  malloc.o


==============================================================================

Image component sizes


      Code (inc. data)   RO Data    RW Data    ZI Data      Debug   Object Name

      1044         48          0          0          0      21719   api_lib.o
      2756         54          0          0          0      20780   api_msg.o
        60         16          0          0          0      11558   bsp.o
      4164        206          0         20          0      37719   cjson.o
       356        114          0          0          0       4976   cjson_process.o
        52          0          0          0          0        368   cpu_a.o
       344         48          0         28         16       9347   cpu_core.o
        16          0          0          0          0       2826   def.o
       260         36          0          8          0       4149   delay.o
      3416         80          0          4         50      25035   dhcp.o
      1258         88          0         20       1635      10425   dns.o
      1690         72         12          1        200      15312   etharp.o
       648         66          0          4        132       8971   ethernetif.o
       368         10          0          0          0       6390   icmp.o
       170          0          0          0          0       3081   inet_chksum.o
        42          0          0          0          0       4720   init.o
       660         24          0         20          0       8769   ip.o
       434         10          8          0         16      11320   ip_addr.o
      1346         36          0          8          0      11348   ip_frag.o
       128         18          0          0          0       1083   key.o
       992        182          0          0       6408       7048   lan8720.o
         0          0          0          0          0       6332   lcd.o
        80         10          0          0          0        971   led.o
        70          0          0          0          0      13402   lib_mem.o
         0          0          0          0    2048000       2222   ltdc.o
      1164        504          0          8        276      28501   lwip_comm.o
       916        332          0          0       4744    1293642   main.o
       396         42         36         36   31695616       7077   malloc.o
       668         48          0         12      16060       5825   mem.o
       172         20         60          0      15191       4002   memp.o
       274         62          0          0          0      36732   mpu.o
      2796        934         88         12        564      30501   mqtt_client_demo.o
       546         18          0          0          0       5005   mqttconnectclient.o
       210          0          0          0          0       2520   mqttdeserializepublish.o
       496         20          0          4          0      10626   mqttpacket.o
       278          0          0          0          0       5648   mqttserializepublish.o
       308          0          0          0          0       3667   mqttsubscribeclient.o
       712         40          0          0          0       5478   myiic.o
       120          0          0          0          0       3643   netbuf.o
       356         20          0         12          0       9455   netif.o
         2          0         81          0       3936      19509   os_cfg_app.o
      2486        368          0          0          0      24129   os_core.o
       280         14          0          0          0        460   os_cpu_a.o
       684        162          0          4          0      26252   os_cpu_c.o
         2          0          0          0          0       1010   os_dbg.o
        24         10          0          0          0       1113   os_flag.o
        24         10          0          0          0        973   os_mem.o
       374         28          0          0          0       4634   os_msg.o
       936         54          0          0          0       7735   os_mutex.o
       120         16          0          4          0       3262   os_prio.o
      1038         76          0          0          0       9349   os_q.o
       928         74          0          0          0       8532   os_sem.o
      1172        198          0          0          0       4507   os_stat.o
      2174        166          0          0          0      15081   os_task.o
       914         96          0          0          0       6779   os_tick.o
       456         52          0          0          0       3777   os_time.o
       532        144          0          0          0       4145   os_tmr.o
         0          0          0        168       1244      18034   os_var.o
       990          0          0          0          0      10599   pbuf.o
       198          8          0          0          0       3173   pcf8574.o
       370         22          0          4          0       6024   raw.o
       484         44          0          0         52       3786   sdram.o
      2430         60         64          8         96      18734   sockets.o
       104         34        664          0       1536        880   startup_stm32h743xx.o
       142         32          0          4          0       5488   stm32h7xx_hal.o
       306         18          0          0          0      40356   stm32h7xx_hal_cortex.o
       156         10          0          0          0       2411   stm32h7xx_hal_dma.o
      3802        104          0          0          0      19960   stm32h7xx_hal_eth.o
       484         44          0          0          0       4208   stm32h7xx_hal_gpio.o
         2          0          0          0          0        494   stm32h7xx_hal_msp.o
      2052        114          0          0          0       6836   stm32h7xx_hal_rcc.o
       608         86          0          0          0       3975   stm32h7xx_hal_rcc_ex.o
       160          4          0          0          0       2940   stm32h7xx_hal_sdram.o
       272         32          0          0          0       4270   stm32h7xx_hal_tim.o
      2536        122         24          0          0      34368   stm32h7xx_hal_uart.o
         2          0          0          0          0       1136   stm32h7xx_hal_uart_ex.o
        12          0          0          0          0       2967   stm32h7xx_it.o
       254          4          0          0          0       3756   stm32h7xx_ll_fmc.o
       320         18          0          0          0      37181   sys.o
       756        100          4          0        200      13170   sys_arch.o
       132         16         16          8          0       1330   system_stm32h7xx.o
      2392         80        201         36          0      32806   tcp.o
      3118        120          0         28         20      17335   tcp_in.o
      2526         10          0          0          0      16479   tcp_out.o
       436         60          0          8         48      10366   tcpip.o
       596         94          0          8          0       8463   timers.o
       164         22          0          4          0       3376   transport.o
       900         28          0          8          0      18468   udp.o
       374         58          0          8        328       6013   usart.o
      2856       1354         40         28         64       8659   usmart.o
         0          0        107        276          0       1656   usmart_config.o
      1120         20          0          0          0      10187   usmart_str.o

    ----------------------------------------------------------------------
     73106       7348       1454        828   33796460    2223324   Object Totals
         0          0         32          0          0          0   (incl. Generated)
       140          4         17         27         28          0   (incl. Padding)

    ----------------------------------------------------------------------

      Code (inc. data)   RO Data    RW Data    ZI Data      Debug   Library Member Name

        60          8          0          0          0         84   __0sscanf.o
        24          4          0          0          0         84   __2printf.o
        44          6          0          0          0         84   __2sprintf.o
        90          0          0          0          0          0   __dczerorl2.o
         8          0          0          0          0         68   __main.o
       392          4         17          0          0         92   __printf_flags_ss_wp.o
        14          0          0          0          0         68   __printf_wp.o
         0          0          0          0          0          0   __rtentry.o
        12          0          0          0          0          0   __rtentry2.o
         6          0          0          0          0          0   __rtentry4.o
        52          8          0          0          0          0   __scatter.o
        28          0          0          0          0          0   __scatter_zi.o
        28          0          0          0          0         68   _chval.o
         6          0          0          0          0          0   _printf_c.o
        44          0          0          0          0        108   _printf_char.o
        48          6          0          0          0         96   _printf_char_common.o
        36          4          0          0          0         80   _printf_char_file.o
         6          0          0          0          0          0   _printf_d.o
       120         16          0          0          0         92   _printf_dec.o
         6          0          0          0          0          0   _printf_f.o
      1050          0          0          0          0        216   _printf_fp_dec.o
       128         16          0          0          0         84   _printf_fp_infnan.o
         6          0          0          0          0          0   _printf_g.o
        88          4         40          0          0         88   _printf_hex_int.o
       178          0          0          0          0         88   _printf_intcommon.o
        78          0          0          0          0        108   _printf_pad.o
         0          0          0          0          0          0   _printf_percent.o
         4          0          0          0          0          0   _printf_percent_end.o
         6          0          0          0          0          0   _printf_s.o
        82          0          0          0          0         80   _printf_str.o
         6          0          0          0          0          0   _printf_u.o
         6          0          0          0          0          0   _printf_x.o
        22          0          0          0          0        100   _rserrno.o
       884          6          0          0          0        100   _scanf.o
        64          0          0          0          0         84   _sgetc.o
        10          0          0          0          0         68   _sputc.o
       220          4        148          0          0         96   bigflt0.o
      2074        132          0          0          0        940   btod.o
        10          0          0          0          0         68   defsig_exit.o
        50          0          0          0          0         88   defsig_general.o
        80         58          0          0          0         76   defsig_rtmem_inner.o
        14          0          0          0          0         80   defsig_rtmem_outer.o
        18          0          0          0          0         80   exit.o
         8          0          0          0          0         68   ferror.o
        94          0          0          0          0         80   h1_alloc.o
        52          0          0          0          0         68   h1_extend.o
        78          0          0          0          0         80   h1_free.o
        14          0          0          0          0         84   h1_init.o
       184          0          0          0          0         92   h1_realloc.o
         6          0          0          0          0        152   heapauxi.o
         4          0          0          0          0        136   hguard.o
         0          0          0          0          0          0   indicate_semi.o
       138          0          0          0          0        168   init_alloc.o
        18          0          0          0          0         76   isspace.o
        44         10        272          0          0         76   lc_ctype_c.o
        44         10         28          0          0         76   lc_numeric_c.o
         2          0          0          0          0          0   libinit.o
        42          0          0          0          0          0   libinit2.o
         2          0          0          0          0          0   libshutdown.o
         2          0          0          0          0          0   libshutdown2.o
         8          4          0          0         96         68   libspace.o
        38          0          0          0          0         68   llshl.o
       138          0          0          0          0         80   lludiv10.o
       238          0          0          0          0        100   lludivv7m.o
         0          0          0          0          0          0   maybetermalloc1.o
        88          0          0          0          0         76   memcmp.o
        16          4          0          0          0         76   rt_ctype_table.o
         8          4          0          0          0         68   rt_errno_addr_intlibspace.o
         8          4          0          0          0         68   rt_heap_descriptor_intlibspace.o
         8          4          0          0          0         68   rt_locale_intlibspace.o
        78          0          0          0          0         80   rt_memclr_w.o
       138          0          0          0          0         68   rt_memcpy_v6.o
       100          0          0          0          0         80   rt_memcpy_w.o
         2          0          0          0          0          0   rtexit.o
        10          0          0          0          0          0   rtexit2.o
        44          8          0          0          0         84   scanf_char.o
      1188         12          0          0          0        148   scanf_fp.o
       792         14          0          0          0        100   scanf_hexfp.o
       308         16          0          0          0        100   scanf_infnan.o
       104          0          0          0          0         68   strcmpv7m_pel.o
        72          0          0          0          0         80   strcpy.o
        62          0          0          0          0         76   strlen.o
       150          0          0          0          0         80   strncmp.o
       160         12          0          0          0        120   strtod.o
        74          0          0          0          0         80   sys_stackheap_outer.o
        14          0          0          0          0         76   sys_wrch.o
        26          0          0          0          0         76   tolower.o
         2          0          0          0          0         68   use_no_semi.o
        16          4          0          0          0        116   dcheck1.o
         0          0          8          0          0          0   fpconst.o
        10          0          0          0          0        116   fpinit.o
         4          0          0          0          0        116   printf1.o
       100          0          0          0          0        116   retnan.o
        92          0          0          0          0        116   scalbn.o
         4          0          0          0          0        116   scanf1.o
         8          0          0          0          0        132   scanf2.o
        48          0          0          0          0        116   trapv.o
         0          0          0          0          0          0   usenofp.o
        48         28          0          0          0        232   dunder.o
        48          0          0          0          0        124   fpclassify.o
       140         22          0          0          0        128   frexp.o
       184         14          0          0          0        156   ldexp.o
       164         20          0          0          0        152   narrow.o
        40         10          0          0          0        128   strtod.o

    ----------------------------------------------------------------------
     11628        482        516          0         96       8444   Library Totals
        14          6          3          0          0          0   (incl. Padding)

    ----------------------------------------------------------------------

      Code (inc. data)   RO Data    RW Data    ZI Data      Debug   Library Name

     10708        378        505          0         96       6580   c_w.l
       282          4          8          0          0        944   fz_wv.l
       624         94          0          0          0        920   m_wv.l

    ----------------------------------------------------------------------
     11628        482        516          0         96       8444   Library Totals

    ----------------------------------------------------------------------

==============================================================================


      Code (inc. data)   RO Data    RW Data    ZI Data      Debug   

     84734       7830       1970        828   33796556    2162072   Grand Totals
     84734       7830       1970        140   33796556    2162072   ELF Image Totals (compressed)
     84734       7830       1970        140          0          0   ROM Totals

==============================================================================

    Total RO  Size (Code + RO Data)                86704 (  84.67kB)
    Total RW  Size (RW Data + ZI Data)          33797384 (33005.26kB)
    Total ROM Size (Code + RO Data + RW Data)      86844 (  84.81kB)

==============================================================================

